<html>
<body>
<pre>
<h1>µVision Build Log</h1>
<h2>Tool Versions:</h2>
IDE-Version: ¦ÌVision V5.27.0.0
Copyright (C) 2018 ARM Ltd and ARM Germany GmbH. All rights reserved.
License Information: A BYD, A, LIC=KRMHL-01V2I-DKHBN-Y6FDD-WYZS5-CRVTP
 
Tool Versions:
Toolchain:       MDK-ARM Plus  Version: 5.27.0.0
Toolchain Path:  D:\Keil_v5\ARM\ARMCC\Bin
C Compiler:      Armcc.exe V5.06 update 6 (build 750)
Assembler:       Armasm.exe V5.06 update 6 (build 750)
Linker/Locator:  ArmLink.exe V5.06 update 6 (build 750)
Library Manager: ArmAr.exe V5.06 update 6 (build 750)
Hex Converter:   FromElf.exe V5.06 update 6 (build 750)
CPU DLL:         SARMCM3.DLL V5.27.0.0
Dialog DLL:      DCM.DLL V1.17.2.0
Target DLL:      Segger\JL2CM3.dll V2.99.34.0
Dialog DLL:      TCM.DLL V1.36.1.0
 
<h2>Project:</h2>
F:\MT600\GD32F303-Euro\GD32F303.uvprojx
Project File Date:  03/03/2023

<h2>Output:</h2>
*** Using Compiler 'V5.06 update 6 (build 750)', folder: 'D:\Keil_v5\ARM\ARMCC\Bin'
Rebuild target 'Target 1'
assembling startup_gd32f30x_hd.s...
compiling system_gd32f30x.c...
compiling gd32f30x_can.c...
compiling gd32f30x_crc.c...
compiling gd32f30x_bkp.c...
compiling gd32f30x_ctc.c...
compiling gd32f30x_adc.c...
compiling gd32f30x_dac.c...
compiling gd32f30x_dbg.c...
compiling gd32f30x_enet.c...
compiling gd32f30x_exmc.c...
compiling gd32f30x_exti.c...
compiling gd32f30x_dma.c...
compiling gd32f30x_fmc.c...
compiling gd32f30x_fwdgt.c...
compiling gd32f30x_gpio.c...
compiling gd32f30x_i2c.c...
compiling gd32f30x_misc.c...
compiling gd32f30x_pmu.c...
compiling gd32f30x_rtc.c...
compiling gd32f30x_rcu.c...
compiling gd32f30x_sdio.c...
compiling gd32f30x_spi.c...
compiling systick.c...
compiling gd32f30x_timer.c...
compiling gd32f30x_it.c...
compiling gd32f30x_wwdgt.c...
compiling main.cpp...
compiling gd32f30x_usart.c...
compiling appTaskOs.cpp...
compiling PIController.cpp...
compiling faultChk.cpp...
compiling piecewise.cpp...
compiling func.cpp...
compiling dataCalc.cpp...
compiling isrtime.cpp...
compiling rated.cpp...
compiling variable.cpp...
compiling multistate.cpp...
compiling sample.cpp...
App\sample.cpp(203): warning:  #1-D: last line of file ends without a newline
  }
App\sample.cpp: 1 warning, 0 errors
compiling ntc.cpp...
compiling standard.cpp...
compiling buckboost.cpp...
App\buckboost.cpp(38): warning:  #550-D: variable "Ibat"  was set but never used
      FLOAT32 Ibat = 0,UbatErr,IpvErr,UpvErr,Icpv = 0,vout;
App\buckboost.cpp: 1 warning, 0 errors
compiling worklogic.cpp...
compiling croutine.c...
compiling mppt.cpp...
compiling list.c...
compiling event_groups.c...
compiling queue.c...
compiling protocol.cpp...
compiling stream_buffer.c...
compiling tasks.c...
compiling flashSave.cpp...
compiling SEGGER_RTT.c...
compiling timers.c...
compiling port.c...
compiling uartDrv.cpp...
compiling arch.cpp...
linking...
Program Size: Code=23500 RO-data=2316 RW-data=236 ZI-data=23252  
FromELF: creating hex file...
After Build - User command #1: fromelf.exe --bin --output .\INV_01_001_001.bin  .\Objects\GD32F303.axf
".\Objects\GD32F303.axf" - 0 Error(s), 2 Warning(s).

<h2>Software Packages used:</h2>

Package Vendor: ARM
                http://www.keil.com/pack/ARM.CMSIS.5.4.0.pack
                ARM.CMSIS.5.4.0
                CMSIS (Cortex Microcontroller Software Interface Standard)
   * Component: DSP Version: 1.5.2

Package Vendor: GigaDevice
                http://gd32mcu.com/data/documents/pack/GigaDevice.GD32F30x_DFP.2.2.0.pack
                GigaDevice.GD32F30x_DFP.2.2.0
                GigaDevice GD32F30x Series Device Support and Examples

<h2>Collection of Component include folders:</h2>
  .\RTE\_Target_1
  D:\Keil_v5\ARM\PACK\ARM\CMSIS\5.4.0\CMSIS\DSP\Include
  D:\Keil_v5\ARM\PACK\GigaDevice\GD32F30x_DFP\2.2.0\Device\Include

<h2>Collection of Component Files used:</h2>

   * Component: ARM::CMSIS:DSP:1.5.2
      Library file:  CMSIS\Lib\ARM\arm_cortexM4lf_math.lib
      Include file:  CMSIS\DSP\Include\arm_math.h
Build Time Elapsed:  00:02:25
</pre>
</body>
</html>
