Component: ARM Compiler 5.06 update 6 (build 750) Tool: armlink [4d35ed]

==============================================================================

Section Cross References

    system_gd32f30x.o(i.SystemCoreClockUpdate) refers to system_gd32f30x.o(.data) for .data
    system_gd32f30x.o(i.SystemInit) refers to system_gd32f30x.o(i.system_clock_config) for system_clock_config
    system_gd32f30x.o(i.system_clock_config) refers to system_gd32f30x.o(i.system_clock_120m_hxtal) for system_clock_120m_hxtal
    startup_gd32f30x_hd.o(STACK) refers (Special) to heapauxi.o(.text) for __use_two_region_memory
    startup_gd32f30x_hd.o(HEAP) refers (Special) to heapauxi.o(.text) for __use_two_region_memory
    startup_gd32f30x_hd.o(RESET) refers (Special) to heapauxi.o(.text) for __use_two_region_memory
    startup_gd32f30x_hd.o(RESET) refers to startup_gd32f30x_hd.o(STACK) for __initial_sp
    startup_gd32f30x_hd.o(RESET) refers to startup_gd32f30x_hd.o(.text) for Reset_Handler
    startup_gd32f30x_hd.o(RESET) refers to gd32f30x_it.o(i.NMI_Handler) for NMI_Handler
    startup_gd32f30x_hd.o(RESET) refers to gd32f30x_it.o(i.HardFault_Handler) for HardFault_Handler
    startup_gd32f30x_hd.o(RESET) refers to gd32f30x_it.o(i.MemManage_Handler) for MemManage_Handler
    startup_gd32f30x_hd.o(RESET) refers to gd32f30x_it.o(i.BusFault_Handler) for BusFault_Handler
    startup_gd32f30x_hd.o(RESET) refers to gd32f30x_it.o(i.UsageFault_Handler) for UsageFault_Handler
    startup_gd32f30x_hd.o(RESET) refers to port.o(.emb_text) for SVC_Handler
    startup_gd32f30x_hd.o(RESET) refers to gd32f30x_it.o(i.DebugMon_Handler) for DebugMon_Handler
    startup_gd32f30x_hd.o(RESET) refers to port.o(i.SysTick_Handler) for SysTick_Handler
    startup_gd32f30x_hd.o(RESET) refers to arch.o(i.DMA0_Channel0_IRQHandler) for DMA0_Channel0_IRQHandler
    startup_gd32f30x_hd.o(.text) refers (Special) to heapauxi.o(.text) for __use_two_region_memory
    startup_gd32f30x_hd.o(.text) refers to system_gd32f30x.o(i.SystemInit) for SystemInit
    startup_gd32f30x_hd.o(.text) refers to __main.o(!!!main) for __main
    startup_gd32f30x_hd.o(.text) refers to startup_gd32f30x_hd.o(HEAP) for Heap_Mem
    startup_gd32f30x_hd.o(.text) refers to startup_gd32f30x_hd.o(STACK) for Stack_Mem
    gd32f30x_adc.o(i.adc_deinit) refers to gd32f30x_rcu.o(i.rcu_periph_reset_enable) for rcu_periph_reset_enable
    gd32f30x_adc.o(i.adc_deinit) refers to gd32f30x_rcu.o(i.rcu_periph_reset_disable) for rcu_periph_reset_disable
    gd32f30x_bkp.o(i.bkp_deinit) refers to gd32f30x_rcu.o(i.rcu_bkp_reset_enable) for rcu_bkp_reset_enable
    gd32f30x_bkp.o(i.bkp_deinit) refers to gd32f30x_rcu.o(i.rcu_bkp_reset_disable) for rcu_bkp_reset_disable
    gd32f30x_can.o(i.can_debug_freeze_disable) refers to gd32f30x_dbg.o(i.dbg_periph_enable) for dbg_periph_enable
    gd32f30x_can.o(i.can_debug_freeze_enable) refers to gd32f30x_dbg.o(i.dbg_periph_enable) for dbg_periph_enable
    gd32f30x_can.o(i.can_deinit) refers to gd32f30x_rcu.o(i.rcu_periph_reset_enable) for rcu_periph_reset_enable
    gd32f30x_can.o(i.can_deinit) refers to gd32f30x_rcu.o(i.rcu_periph_reset_disable) for rcu_periph_reset_disable
    gd32f30x_can.o(i.can_interrupt_flag_get) refers to gd32f30x_can.o(i.can_receive_message_length_get) for can_receive_message_length_get
    gd32f30x_can.o(i.can_interrupt_flag_get) refers to gd32f30x_can.o(i.can_error_get) for can_error_get
    gd32f30x_ctc.o(i.ctc_deinit) refers to gd32f30x_rcu.o(i.rcu_periph_reset_enable) for rcu_periph_reset_enable
    gd32f30x_ctc.o(i.ctc_deinit) refers to gd32f30x_rcu.o(i.rcu_periph_reset_disable) for rcu_periph_reset_disable
    gd32f30x_dac.o(i.dac_deinit) refers to gd32f30x_rcu.o(i.rcu_periph_reset_enable) for rcu_periph_reset_enable
    gd32f30x_dac.o(i.dac_deinit) refers to gd32f30x_rcu.o(i.rcu_periph_reset_disable) for rcu_periph_reset_disable
    gd32f30x_dma.o(i.dma_channel_disable) refers to gd32f30x_dma.o(i.dma_periph_and_channel_check) for dma_periph_and_channel_check
    gd32f30x_dma.o(i.dma_channel_enable) refers to gd32f30x_dma.o(i.dma_periph_and_channel_check) for dma_periph_and_channel_check
    gd32f30x_dma.o(i.dma_circulation_disable) refers to gd32f30x_dma.o(i.dma_periph_and_channel_check) for dma_periph_and_channel_check
    gd32f30x_dma.o(i.dma_circulation_enable) refers to gd32f30x_dma.o(i.dma_periph_and_channel_check) for dma_periph_and_channel_check
    gd32f30x_dma.o(i.dma_deinit) refers to gd32f30x_dma.o(i.dma_periph_and_channel_check) for dma_periph_and_channel_check
    gd32f30x_dma.o(i.dma_init) refers to gd32f30x_dma.o(i.dma_periph_and_channel_check) for dma_periph_and_channel_check
    gd32f30x_dma.o(i.dma_interrupt_disable) refers to gd32f30x_dma.o(i.dma_periph_and_channel_check) for dma_periph_and_channel_check
    gd32f30x_dma.o(i.dma_interrupt_enable) refers to gd32f30x_dma.o(i.dma_periph_and_channel_check) for dma_periph_and_channel_check
[...]
    Task10msTcb                              0x20001194   Data          84  apptaskos.o(.bss)
    Task10msStack                            0x200011e8   Data        2048  apptaskos.o(.bss)
    Task100msTcb                             0x200019e8   Data          84  apptaskos.o(.bss)
    Task100msStack                           0x20001a3c   Data        2048  apptaskos.o(.bss)
    Task1sTcb                                0x2000223c   Data          84  apptaskos.o(.bss)
    Task1sStack                              0x20002290   Data        2048  apptaskos.o(.bss)
    TaskStartTcb                             0x20002a90   Data          84  apptaskos.o(.bss)
    TaskStartStack                           0x20002ae4   Data        2048  apptaskos.o(.bss)
    .bss                                     0x20003730   Section      512  func.o(.bss)
    crc_tab16                                0x20003730   Data         512  func.o(.bss)
    .bss                                     0x20003930   Section     2208  variable.o(.bss)
    .bss                                     0x200041d0   Section      160  tasks.o(.bss)
    pxReadyTasksLists                        0x200041d0   Data         100  tasks.o(.bss)
    xDelayedTaskList1                        0x20004234   Data          20  tasks.o(.bss)
    xDelayedTaskList2                        0x20004248   Data          20  tasks.o(.bss)
    xPendingReadyList                        0x2000425c   Data          20  tasks.o(.bss)
    .bss                                     0x20004270   Section       52  arch.o(.bss)
    .bss                                     0x200042a4   Section     4280  segger_rtt.o(.bss)
    _acUpBuffer                              0x2000434c   Data        4096  segger_rtt.o(.bss)
    _acDownBuffer                            0x2000534c   Data          16  segger_rtt.o(.bss)
    .bss                                     0x2000535c   Section       96  libspace.o(.bss)
    HEAP                                     0x200053c0   Section     1024  startup_gd32f30x_hd.o(HEAP)
    Heap_Mem                                 0x200053c0   Data        1024  startup_gd32f30x_hd.o(HEAP)
    STACK                                    0x200057c0   Section     1024  startup_gd32f30x_hd.o(STACK)
    Stack_Mem                                0x200057c0   Data        1024  startup_gd32f30x_hd.o(STACK)
    __initial_sp                             0x20005bc0   Data           0  startup_gd32f30x_hd.o(STACK)

    Global Symbols

    Symbol Name                              Value     Ov Type        Size  Object(Section)

    BuildAttributes$$THM_ISAv4$E$P$D$K$B$S$7EM$VFPi3$EXTD16$VFPS$VFMA$PE$A:L22UL41UL21$X:L11$S22US41US21$IEEE1$IW$USESV6$~STKCKD$USESV7$~SHL$OTIME$ROPI$EBA8$UX$STANDARDLIB$REQ8$PRES8$EABIv2 0x00000000   Number         0  anon$$obj.o ABSOLUTE
    __ARM_use_no_argv                        0x00000000   Number         0  main.o ABSOLUTE
    __ARM::default_unexpected_handler()       - Undefined Weak Reference
    __ARM_exceptions_buffer_required          - Undefined Weak Reference
    __ARM_exceptions_init                     - Undefined Weak Reference
    __alloca_initialize                       - Undefined Weak Reference
    __arm_preinit_                            - Undefined Weak Reference
    __cxa_finalize                            - Undefined Weak Reference
    __rt_locale                               - Undefined Weak Reference
    __sigvec_lookup                           - Undefined Weak Reference
    __user_heap_extent                        - Undefined Weak Reference
    _atexit_init                              - Undefined Weak Reference
    _call_atexit_fns                          - Undefined Weak Reference
    _clock_init                               - Undefined Weak Reference
    _fp_trap_init                             - Undefined Weak Reference
    _fp_trap_shutdown                         - Undefined Weak Reference
    _get_lc_collate                           - Undefined Weak Reference
    _get_lc_ctype                             - Undefined Weak Reference
    _get_lc_monetary                          - Undefined Weak Reference
    _get_lc_numeric                           - Undefined Weak Reference
    _get_lc_time                              - Undefined Weak Reference
    _getenv_init                              - Undefined Weak Reference
    _handle_redirection                       - Undefined Weak Reference
    _initio                                   - Undefined Weak Reference
    _mutex_acquire                            - Undefined Weak Reference
    _mutex_free                               - Undefined Weak Reference
    _mutex_release                            - Undefined Weak Reference
    _rand_init                                - Undefined Weak Reference
    _signal_finish                            - Undefined Weak Reference
    _signal_init                              - Undefined Weak Reference
    _terminateio                              - Undefined Weak Reference
    __Vectors_Size                           0x00000130   Number         0  startup_gd32f30x_hd.o ABSOLUTE
    __Vectors                                0x08005000   Data           4  startup_gd32f30x_hd.o(RESET)
    __Vectors_End                            0x08005130   Data           0  startup_gd32f30x_hd.o(RESET)
    __main                                   0x08005131   Thumb Code     8  __main.o(!!!main)
    __scatterload                            0x08005139   Thumb Code     0  __scatter.o(!!!scatter)
    __scatterload_rt2                        0x08005139   Thumb Code    44  __scatter.o(!!!scatter)
    __scatterload_rt2_thumb_only             0x08005139   Thumb Code     0  __scatter.o(!!!scatter)
    __scatterload_null                       0x08005147   Thumb Code     0  __scatter.o(!!!scatter)
    __scatterload_copy                       0x0800516d   Thumb Code    26  __scatter_copy.o(!!handler_copy)
    __scatterload_zeroinit                   0x08005189   Thumb Code    28  __scatter_zi.o(!!handler_zi)
    __rt_lib_init                            0x080051a5   Thumb Code     0  libinit.o(.ARM.Collect$$libinit$$00000000)
    __rt_lib_init_fp_1                       0x080051a7   Thumb Code     0  libinit2.o(.ARM.Collect$$libinit$$00000001)
    __rt_lib_init_alloca_1                   0x080051ab   Thumb Code     0  libinit2.o(.ARM.Collect$$libinit$$0000002E)
    __rt_lib_init_argv_1                     0x080051ab   Thumb Code     0  libinit2.o(.ARM.Collect$$libinit$$0000002C)
    __rt_lib_init_atexit_1                   0x080051ab   Thumb Code     0  libinit2.o(.ARM.Collect$$libinit$$0000001B)
    __rt_lib_init_clock_1                    0x080051ab   Thumb Code     0  libinit2.o(.ARM.Collect$$libinit$$00000021)
    __rt_lib_init_cpp_2                      0x080051ab   Thumb Code     0  libinit2.o(.ARM.Collect$$libinit$$00000031)
    __rt_lib_init_exceptions_1               0x080051ab   Thumb Code     0  libinit2.o(.ARM.Collect$$libinit$$00000030)
    __rt_lib_init_fp_trap_1                  0x080051ab   Thumb Code     0  libinit2.o(.ARM.Collect$$libinit$$0000001F)
    __rt_lib_init_getenv_1                   0x080051ab   Thumb Code     0  libinit2.o(.ARM.Collect$$libinit$$00000023)
    __rt_lib_init_heap_1                     0x080051ab   Thumb Code     0  libinit2.o(.ARM.Collect$$libinit$$0000000A)
    __rt_lib_init_lc_collate_1               0x080051ab   Thumb Code     0  libinit2.o(.ARM.Collect$$libinit$$00000011)
    __rt_lib_init_lc_ctype_1                 0x080051ab   Thumb Code     0  libinit2.o(.ARM.Collect$$libinit$$00000013)
    __rt_lib_init_lc_monetary_1              0x080051ab   Thumb Code     0  libinit2.o(.ARM.Collect$$libinit$$00000015)
    __rt_lib_init_lc_numeric_1               0x080051ab   Thumb Code     0  libinit2.o(.ARM.Collect$$libinit$$00000017)
    __rt_lib_init_lc_time_1                  0x080051ab   Thumb Code     0  libinit2.o(.ARM.Collect$$libinit$$00000019)
    __rt_lib_init_preinit_1                  0x080051ab   Thumb Code     0  libinit2.o(.ARM.Collect$$libinit$$00000004)
    __rt_lib_init_rand_1                     0x080051ab   Thumb Code     0  libinit2.o(.ARM.Collect$$libinit$$0000000E)
    __rt_lib_init_signal_1                   0x080051ab   Thumb Code     0  libinit2.o(.ARM.Collect$$libinit$$0000001D)
    __rt_lib_init_stdio_1                    0x080051ab   Thumb Code     0  libinit2.o(.ARM.Collect$$libinit$$00000025)
    __rt_lib_init_user_alloc_1               0x080051ab   Thumb Code     0  libinit2.o(.ARM.Collect$$libinit$$0000000C)
    __rt_lib_init_cpp_1                      0x080051af   Thumb Code     0  libinit2.o(.ARM.Collect$$libinit$$00000032)
    __rt_lib_init_return                     0x080051af   Thumb Code     0  libinit2.o(.ARM.Collect$$libinit$$00000033)
    __rt_lib_shutdown                        0x080051b1   Thumb Code     0  libshutdown.o(.ARM.Collect$$libshutdown$$00000000)
    __rt_lib_shutdown_cpp_1                  0x080051b3   Thumb Code     0  libshutdown2.o(.ARM.Collect$$libshutdown$$00000002)
    __rt_lib_shutdown_fp_trap_1              0x080051b3   Thumb Code     0  libshutdown2.o(.ARM.Collect$$libshutdown$$00000007)
    __rt_lib_shutdown_heap_1                 0x080051b3   Thumb Code     0  libshutdown2.o(.ARM.Collect$$libshutdown$$0000000F)
    __rt_lib_shutdown_return                 0x080051b3   Thumb Code     0  libshutdown2.o(.ARM.Collect$$libshutdown$$00000010)
    __rt_lib_shutdown_signal_1               0x080051b3   Thumb Code     0  libshutdown2.o(.ARM.Collect$$libshutdown$$0000000A)
    __rt_lib_shutdown_stdio_1                0x080051b3   Thumb Code     0  libshutdown2.o(.ARM.Collect$$libshutdown$$00000004)
    __rt_lib_shutdown_user_alloc_1           0x080051b3   Thumb Code     0  libshutdown2.o(.ARM.Collect$$libshutdown$$0000000C)
    __rt_entry                               0x080051b5   Thumb Code     0  __rtentry.o(.ARM.Collect$$rtentry$$00000000)
    __rt_entry_presh_1                       0x080051b5   Thumb Code     0  __rtentry2.o(.ARM.Collect$$rtentry$$00000002)
    __rt_entry_sh                            0x080051b5   Thumb Code     0  __rtentry4.o(.ARM.Collect$$rtentry$$00000004)
    __rt_entry_li                            0x080051bb   Thumb Code     0  __rtentry2.o(.ARM.Collect$$rtentry$$0000000A)
    __rt_entry_postsh_1                      0x080051bb   Thumb Code     0  __rtentry2.o(.ARM.Collect$$rtentry$$00000009)
    __rt_entry_main                          0x080051bf   Thumb Code     0  __rtentry2.o(.ARM.Collect$$rtentry$$0000000D)
    __rt_entry_postli_1                      0x080051bf   Thumb Code     0  __rtentry2.o(.ARM.Collect$$rtentry$$0000000C)
    __rt_exit                                0x080051c7   Thumb Code     0  rtexit.o(.ARM.Collect$$rtexit$$00000000)
    __rt_exit_ls                             0x080051c9   Thumb Code     0  rtexit2.o(.ARM.Collect$$rtexit$$00000003)
    __rt_exit_prels_1                        0x080051c9   Thumb Code     0  rtexit2.o(.ARM.Collect$$rtexit$$00000002)
    __rt_exit_exit                           0x080051cd   Thumb Code     0  rtexit2.o(.ARM.Collect$$rtexit$$00000004)
    SVC_Handler                              0x080051d5   Thumb Code    28  port.o(.emb_text)
    __asm___6_port_c_39a90d8d__prvStartFirstTask 0x080051f5   Thumb Code    36  port.o(.emb_text)
    __asm___6_port_c_39a90d8d__prvEnableVFP  0x0800521d   Thumb Code    16  port.o(.emb_text)
    PendSV_Handler                           0x08005231   Thumb Code    88  port.o(.emb_text)
    vPortGetIPSR                             0x0800528d   Thumb Code     6  port.o(.emb_text)
    Reset_Handler                            0x08005295   Thumb Code     8  startup_gd32f30x_hd.o(.text)
    ADC0_1_IRQHandler                        0x080052af   Thumb Code     0  startup_gd32f30x_hd.o(.text)
    ADC2_IRQHandler                          0x080052af   Thumb Code     0  startup_gd32f30x_hd.o(.text)
    CAN0_EWMC_IRQHandler                     0x080052af   Thumb Code     0  startup_gd32f30x_hd.o(.text)
    CAN0_RX1_IRQHandler                      0x080052af   Thumb Code     0  startup_gd32f30x_hd.o(.text)
    DMA0_Channel1_IRQHandler                 0x080052af   Thumb Code     0  startup_gd32f30x_hd.o(.text)
    DMA0_Channel2_IRQHandler                 0x080052af   Thumb Code     0  startup_gd32f30x_hd.o(.text)
    DMA0_Channel3_IRQHandler                 0x080052af   Thumb Code     0  startup_gd32f30x_hd.o(.text)
    DMA0_Channel4_IRQHandler                 0x080052af   Thumb Code     0  startup_gd32f30x_hd.o(.text)
    DMA0_Channel5_IRQHandler                 0x080052af   Thumb Code     0  startup_gd32f30x_hd.o(.text)
    DMA0_Channel6_IRQHandler                 0x080052af   Thumb Code     0  startup_gd32f30x_hd.o(.text)
    DMA1_Channel0_IRQHandler                 0x080052af   Thumb Code     0  startup_gd32f30x_hd.o(.text)
    DMA1_Channel1_IRQHandler                 0x080052af   Thumb Code     0  startup_gd32f30x_hd.o(.text)
    DMA1_Channel2_IRQHandler                 0x080052af   Thumb Code     0  startup_gd32f30x_hd.o(.text)
    DMA1_Channel3_4_IRQHandler               0x080052af   Thumb Code     0  startup_gd32f30x_hd.o(.text)
    EXMC_IRQHandler                          0x080052af   Thumb Code     0  startup_gd32f30x_hd.o(.text)
    EXTI0_IRQHandler                         0x080052af   Thumb Code     0  startup_gd32f30x_hd.o(.text)
    EXTI10_15_IRQHandler                     0x080052af   Thumb Code     0  startup_gd32f30x_hd.o(.text)
    EXTI1_IRQHandler                         0x080052af   Thumb Code     0  startup_gd32f30x_hd.o(.text)
    EXTI2_IRQHandler                         0x080052af   Thumb Code     0  startup_gd32f30x_hd.o(.text)
    EXTI3_IRQHandler                         0x080052af   Thumb Code     0  startup_gd32f30x_hd.o(.text)
    EXTI4_IRQHandler                         0x080052af   Thumb Code     0  startup_gd32f30x_hd.o(.text)
    EXTI5_9_IRQHandler                       0x080052af   Thumb Code     0  startup_gd32f30x_hd.o(.text)
    FMC_IRQHandler                           0x080052af   Thumb Code     0  startup_gd32f30x_hd.o(.text)
    I2C0_ER_IRQHandler                       0x080052af   Thumb Code     0  startup_gd32f30x_hd.o(.text)
    I2C0_EV_IRQHandler                       0x080052af   Thumb Code     0  startup_gd32f30x_hd.o(.text)
    I2C1_ER_IRQHandler                       0x080052af   Thumb Code     0  startup_gd32f30x_hd.o(.text)
    I2C1_EV_IRQHandler                       0x080052af   Thumb Code     0  startup_gd32f30x_hd.o(.text)
    LVD_IRQHandler                           0x080052af   Thumb Code     0  startup_gd32f30x_hd.o(.text)
    RCU_CTC_IRQHandler                       0x080052af   Thumb Code     0  startup_gd32f30x_hd.o(.text)
    RTC_Alarm_IRQHandler                     0x080052af   Thumb Code     0  startup_gd32f30x_hd.o(.text)
    RTC_IRQHandler                           0x080052af   Thumb Code     0  startup_gd32f30x_hd.o(.text)
    SDIO_IRQHandler                          0x080052af   Thumb Code     0  startup_gd32f30x_hd.o(.text)
    SPI0_IRQHandler                          0x080052af   Thumb Code     0  startup_gd32f30x_hd.o(.text)
    SPI1_IRQHandler                          0x080052af   Thumb Code     0  startup_gd32f30x_hd.o(.text)
    SPI2_IRQHandler                          0x080052af   Thumb Code     0  startup_gd32f30x_hd.o(.text)
    TAMPER_IRQHandler                        0x080052af   Thumb Code     0  startup_gd32f30x_hd.o(.text)
    TIMER0_BRK_IRQHandler                    0x080052af   Thumb Code     0  startup_gd32f30x_hd.o(.text)
    TIMER0_Channel_IRQHandler                0x080052af   Thumb Code     0  startup_gd32f30x_hd.o(.text)
    TIMER0_TRG_CMT_IRQHandler                0x080052af   Thumb Code     0  startup_gd32f30x_hd.o(.text)
    TIMER0_UP_IRQHandler                     0x080052af   Thumb Code     0  startup_gd32f30x_hd.o(.text)
    TIMER1_IRQHandler                        0x080052af   Thumb Code     0  startup_gd32f30x_hd.o(.text)
    TIMER2_IRQHandler                        0x080052af   Thumb Code     0  startup_gd32f30x_hd.o(.text)
    TIMER3_IRQHandler                        0x080052af   Thumb Code     0  startup_gd32f30x_hd.o(.text)
    TIMER4_IRQHandler                        0x080052af   Thumb Code     0  startup_gd32f30x_hd.o(.text)
    TIMER5_IRQHandler                        0x080052af   Thumb Code     0  startup_gd32f30x_hd.o(.text)
    TIMER6_IRQHandler                        0x080052af   Thumb Code     0  startup_gd32f30x_hd.o(.text)
    TIMER7_BRK_IRQHandler                    0x080052af   Thumb Code     0  startup_gd32f30x_hd.o(.text)
    TIMER7_Channel_IRQHandler                0x080052af   Thumb Code     0  startup_gd32f30x_hd.o(.text)
    TIMER7_TRG_CMT_IRQHandler                0x080052af   Thumb Code     0  startup_gd32f30x_hd.o(.text)
    TIMER7_UP_IRQHandler                     0x080052af   Thumb Code     0  startup_gd32f30x_hd.o(.text)
    UART3_IRQHandler                         0x080052af   Thumb Code     0  startup_gd32f30x_hd.o(.text)
    UART4_IRQHandler                         0x080052af   Thumb Code     0  startup_gd32f30x_hd.o(.text)
    USART0_IRQHandler                        0x080052af   Thumb Code     0  startup_gd32f30x_hd.o(.text)
    USART1_IRQHandler                        0x080052af   Thumb Code     0  startup_gd32f30x_hd.o(.text)
    USART2_IRQHandler                        0x080052af   Thumb Code     0  startup_gd32f30x_hd.o(.text)
    USBD_HP_CAN0_TX_IRQHandler               0x080052af   Thumb Code     0  startup_gd32f30x_hd.o(.text)
    USBD_LP_CAN0_RX0_IRQHandler              0x080052af   Thumb Code     0  startup_gd32f30x_hd.o(.text)
    USBD_WKUP_IRQHandler                     0x080052af   Thumb Code     0  startup_gd32f30x_hd.o(.text)
    WWDGT_IRQHandler                         0x080052af   Thumb Code     0  startup_gd32f30x_hd.o(.text)
    __user_initial_stackheap                 0x080052b1   Thumb Code    10  startup_gd32f30x_hd.o(.text)
    __aeabi_memcpy                           0x080052d5   Thumb Code     0  rt_memcpy_v6.o(.text)
    __rt_memcpy                              0x080052d5   Thumb Code   138  rt_memcpy_v6.o(.text)
    _memcpy_lastbytes                        0x0800533b   Thumb Code     0  rt_memcpy_v6.o(.text)
    __aeabi_memclr4                          0x0800535f   Thumb Code     0  rt_memclr_w.o(.text)
    __aeabi_memclr8                          0x0800535f   Thumb Code     0  rt_memclr_w.o(.text)
    __rt_memclr_w                            0x0800535f   Thumb Code    78  rt_memclr_w.o(.text)
    _memset_w                                0x08005363   Thumb Code     0  rt_memclr_w.o(.text)
    __use_two_region_memory                  0x080053ad   Thumb Code     2  heapauxi.o(.text)
    __rt_heap_escrow                         0x080053af   Thumb Code     2  heapauxi.o(.text)
    __rt_heap_expand                         0x080053b1   Thumb Code     2  heapauxi.o(.text)
    __cpp_initialize__aeabi_                 0x080053b5   Thumb Code    26  init_aeabi.o(.text)
    __aeabi_memcpy4                          0x080053d9   Thumb Code     0  rt_memcpy_w.o(.text)
    __aeabi_memcpy8                          0x080053d9   Thumb Code     0  rt_memcpy_w.o(.text)
    __rt_memcpy_w                            0x080053d9   Thumb Code   100  rt_memcpy_w.o(.text)
    _memcpy_lastbytes_aligned                0x08005421   Thumb Code     0  rt_memcpy_w.o(.text)
    __user_setup_stackheap                   0x0800543d   Thumb Code    74  sys_stackheap_outer.o(.text)
    exit                                     0x08005487   Thumb Code    18  exit.o(.text)
    _sys_exit                                0x08005499   Thumb Code     8  sys_exit.o(.text)
    __user_libspace                          0x080054a5   Thumb Code     8  libspace.o(.text)
    __user_perproc_libspace                  0x080054a5   Thumb Code     0  libspace.o(.text)
    __user_perthread_libspace                0x080054a5   Thumb Code     0  libspace.o(.text)
    __I$use$semihosting                      0x080054ad   Thumb Code     0  use_no_semi.o(.text)
    __use_no_semihosting_swi                 0x080054ad   Thumb Code     2  use_no_semi.o(.text)
    ARCH_FlashHalfWord                       0x080054af   Thumb Code    62  arch.o(i.ARCH_FlashHalfWord)
    __semihosting_library_function           0x080054af   Thumb Code     0  indicate_semi.o(.text)
    BusFault_Handler                         0x080054ed   Thumb Code     2  gd32f30x_it.o(i.BusFault_Handler)
    DMA0_Channel0_IRQHandler                 0x080054f1   Thumb Code   120  arch.o(i.DMA0_Channel0_IRQHandler)
    DebugMon_Handler                         0x08005579   Thumb Code     2  gd32f30x_it.o(i.DebugMon_Handler)
    Filter                                   0x0800557b   Thumb Code    26  datacalc.o(i.Filter)
    HardFault_Handler                        0x08005595   Thumb Code     2  gd32f30x_it.o(i.HardFault_Handler)
    InformBMUEnd                             0x08005597   Thumb Code     2  arch.o(i.InformBMUEnd)
    InformBMUStart                           0x08005599   Thumb Code     2  arch.o(i.InformBMUStart)
    InitADC                                  0x0800559d   Thumb Code   546  arch.o(i.InitADC)
    InitBSP                                  0x080057d9   Thumb Code    96  arch.o(i.InitBSP)
    InitGPIO                                 0x08005845   Thumb Code   122  arch.o(i.InitGPIO)
    InitPWM                                  0x080058cd   Thumb Code   966  arch.o(i.InitPWM)
    IsrDeal                                  0x08005cad   Thumb Code   308  apptaskos.o(i.IsrDeal)
    JumpTo                                   0x08005e01   Thumb Code   230  arch.o(i.JumpTo)
    MemManage_Handler                        0x08005f19   Thumb Code     2  gd32f30x_it.o(i.MemManage_Handler)
    NMI_Handler                              0x08005f1b   Thumb Code     2  gd32f30x_it.o(i.NMI_Handler)
    SEGGER_RTT_ConfigUpBuffer                0x08005f1d   Thumb Code    92  segger_rtt.o(i.SEGGER_RTT_ConfigUpBuffer)
    SysTick_Handler                          0x08005f7d   Thumb Code    38  port.o(i.SysTick_Handler)
    UsageFault_Handler                       0x08005fa9   Thumb Code     2  gd32f30x_it.o(i.UsageFault_Handler)
    WakeBMUEnd                               0x08005fad   Thumb Code    28  arch.o(i.WakeBMUEnd)
    WakeBMUStart                             0x08005fcd   Thumb Code    40  arch.o(i.WakeBMUStart)
    SystemInit                               0x08006031   Thumb Code    92  system_gd32f30x.o(i.SystemInit)
    TaskCreat                                0x08006099   Thumb Code   104  apptaskos.o(i.TaskCreat)
    Delay()                                  0x080061cd   Thumb Code    12  arch.o(i._Z5Delayv)
    Task1s(void*)                            0x080061dd   Thumb Code    80  apptaskos.o(i._Z6Task1sPv)
    Task2ms(void*)                           0x0800623d   Thumb Code    50  apptaskos.o(i._Z7Task2msPv)
    Task10ms(void*)                          0x08006281   Thumb Code    50  apptaskos.o(i._Z8Task10msPv)
    Task100ms(void*)                         0x080062c1   Thumb Code    74  apptaskos.o(i._Z9Task100msPv)
    TaskStart(void*)                         0x0800631d   Thumb Code   276  apptaskos.o(i._Z9TaskStartPv)
    multistate::SetPara(unsigned short, const float*, float) 0x080064a9   Thumb Code    10  multistate.o(i._ZN10multistate7SetParaEtPKff)
    multistate::execute(float)               0x080064b3   Thumb Code   162  multistate.o(i._ZN10multistate7executeEf)
    multistate::multistate()                 0x08006555   Thumb Code     8  multistate.o(i._ZN10multistateC1Ev)
    multistate::multistate__sub_object()     0x08006555   Thumb Code     0  multistate.o(i._ZN10multistateC1Ev)
    PIController::run(float)                 0x0800655d   Thumb Code   138  buckboost.o(i._ZN12PIController3runEf)
    PIController::SetMax(float)              0x080065e7   Thumb Code     6  picontroller.o(i._ZN12PIController6SetMaxEf)
    PIController::SetMin(float)              0x080065ed   Thumb Code     6  picontroller.o(i._ZN12PIController6SetMinEf)
    PIController::SetPara(float, float, float, float, float) 0x080065f3   Thumb Code    22  picontroller.o(i._ZN12PIController7SetParaEfffff)
    PIController::SetInteg(float)            0x08006609   Thumb Code     6  picontroller.o(i._ZN12PIController8SetIntegEf)
    PIController::PIController()             0x08006611   Thumb Code    42  picontroller.o(i._ZN12PIControllerC1Ev)
    PIController::PIController__sub_object() 0x08006611   Thumb Code     0  picontroller.o(i._ZN12PIControllerC1Ev)
    ntc::SetNtcLine(unsigned short, const float*, const line*) 0x08006641   Thumb Code     4  ntc.o(i._ZN3ntc10SetNtcLineEtPKfPK4line)
    ntc::CalcAdToTemp(float)                 0x08006645   Thumb Code   106  ntc.o(i._ZN3ntc12CalcAdToTempEf)
    ntc::ntc()                               0x080066c9   Thumb Code     4  ntc.o(i._ZN3ntcC1Ev)
    ntc::ntc__sub_object()                   0x080066c9   Thumb Code     0  ntc.o(i._ZN3ntcC1Ev)
    mppt::SetPowerLimit(float)               0x080066cd   Thumb Code    38  mppt.o(i._ZN4mppt13SetPowerLimitEf)
    mppt::rst()                              0x080066fd   Thumb Code    52  mppt.o(i._ZN4mppt3rstEv)
    mppt::run(float, float)                  0x0800673d   Thumb Code   490  mppt.o(i._ZN4mppt3runEff)
    mppt::SetUoc(float)                      0x08006945   Thumb Code   178  mppt.o(i._ZN4mppt6SetUocEf)
    mppt::mppt()                             0x08006a0d   Thumb Code    14  mppt.o(i._ZN4mpptC1Ev)
    mppt::mppt__sub_object()                 0x08006a0d   Thumb Code     0  mppt.o(i._ZN4mpptC1Ev)
    rated::renewParam(float, float)          0x08006a1d   Thumb Code   258  rated.o(i._ZN5rated10renewParamEff)
    rated::rated()                           0x08006b65   Thumb Code     2  rated.o(i._ZN5ratedC1Ev)
    rated::rated__sub_object()               0x08006b65   Thumb Code     0  rated.o(i._ZN5ratedC1Ev)
    sample::CaliDataLmt(unsigned short*)     0x08006b67   Thumb Code    20  sample.o(i._ZN6sample11CaliDataLmtEPt)
    sample::OffsetCalibrate()                0x08006b7b   Thumb Code    96  sample.o(i._ZN6sample15OffsetCalibrateEv)
    sample::CalibrateBattCurr(unsigned short) 0x08006bdd   Thumb Code    38  sample.o(i._ZN6sample17CalibrateBattCurrEt)
    sample::CalibrateBattVolt(unsigned short) 0x08006c09   Thumb Code    38  sample.o(i._ZN6sample17CalibrateBattVoltEt)
    sample::CalibrateInDcCurr(unsigned short) 0x08006c35   Thumb Code    38  sample.o(i._ZN6sample17CalibrateInDcCurrEt)
    sample::CalibrateInDcVolt(unsigned short) 0x08006c61   Thumb Code    38  sample.o(i._ZN6sample17CalibrateInDcVoltEt)
    sample::CalibrateInDc2Curr(unsigned short) 0x08006c8d   Thumb Code    38  sample.o(i._ZN6sample18CalibrateInDc2CurrEt)
    sample::CalibrateInDc2Volt(unsigned short) 0x08006cb9   Thumb Code    38  sample.o(i._ZN6sample18CalibrateInDc2VoltEt)
    sample::DataDeal()                       0x08006ce5   Thumb Code   470  sample.o(i._ZN6sample8DataDealEv)
    sample::sample()                         0x08006ed5   Thumb Code    42  sample.o(i._ZN6sampleC1Ev)
    sample::sample__sub_object()             0x08006ed5   Thumb Code     0  sample.o(i._ZN6sampleC1Ev)
    isrtime::calc2()                         0x08006eff   Thumb Code   102  isrtime.o(i._ZN7isrtime5calc2Ev)
    isrtime::isrtime()                       0x08006f65   Thumb Code    12  isrtime.o(i._ZN7isrtimeC1Ev)
    isrtime::isrtime__sub_object()           0x08006f65   Thumb Code     0  isrtime.o(i._ZN7isrtimeC1Ev)
    uartDrv::rev(unsigned char*, unsigned short) 0x08006f71   Thumb Code    54  uartdrv.o(i._ZN7uartDrv3revEPht)
    uartDrv::init()                          0x08006fa7   Thumb Code   300  uartdrv.o(i._ZN7uartDrv4initEv)
    uartDrv::send(unsigned char*, unsigned short) 0x080070d3   Thumb Code    94  uartdrv.o(i._ZN7uartDrv4sendEPht)
    uartDrv::check()                         0x08007131   Thumb Code   178  uartdrv.o(i._ZN7uartDrv5checkEv)
    uartDrv::uartDrv()                       0x080071e3   Thumb Code     6  uartdrv.o(i._ZN7uartDrvC1Ev)
    uartDrv::uartDrv__sub_object()           0x080071e3   Thumb Code     0  uartdrv.o(i._ZN7uartDrvC1Ev)
    dataCalc::Add()                          0x080071e9   Thumb Code   254  datacalc.o(i._ZN8dataCalc3AddEv)
    dataCalc::Calc()                         0x080072f1   Thumb Code   226  datacalc.o(i._ZN8dataCalc4CalcEv)
    dataCalc::Save()                         0x080073d9   Thumb Code   156  datacalc.o(i._ZN8dataCalc4SaveEv)
    dataCalc::dataCalc()                     0x08007479   Thumb Code    74  datacalc.o(i._ZN8dataCalcC1Ev)
    dataCalc::dataCalc__sub_object()         0x08007479   Thumb Code     0  datacalc.o(i._ZN8dataCalcC1Ev)
    faultChk::RetChkHigh(float, faultChkRetType*) 0x080074c9   Thumb Code    76  standard.o(i._ZN8faultChk10RetChkHighEfP15faultChkRetType)
    faultChk::RetChkLow(float, faultChkRetType*) 0x08007515   Thumb Code    76  standard.o(i._ZN8faultChk9RetChkLowEfP15faultChkRetType)
    faultChk::faultChk()                     0x08007561   Thumb Code     8  faultchk.o(i._ZN8faultChkC1Ev)
    faultChk::faultChk__sub_object()         0x08007561   Thumb Code     0  faultchk.o(i._ZN8faultChkC1Ev)
    protocol::CalibrateCoffInit(unsigned short, unsigned short) 0x08007569   Thumb Code    18  protocol.o(i._ZN8protocol17CalibrateCoffInitEtt)
    protocol::deal()                         0x0800757d   Thumb Code   966  protocol.o(i._ZN8protocol4dealEv)
    protocol::SetPara(const uartPara*)       0x08007949   Thumb Code    12  protocol.o(i._ZN8protocol7SetParaEPK8uartPara)
    protocol::protocol()                     0x08007955   Thumb Code    82  protocol.o(i._ZN8protocolC1Ev)
    protocol::protocol__sub_object()         0x08007955   Thumb Code     0  protocol.o(i._ZN8protocolC1Ev)
    standard::FastChk()                      0x080079a9   Thumb Code    88  standard.o(i._ZN8standard7FastChkEv)
    standard::SlowChk()                      0x08007a09   Thumb Code   334  standard.o(i._ZN8standard7SlowChkEv)
    standard::standard()                     0x08007b79   Thumb Code     6  standard.o(i._ZN8standardC1Ev)
    standard::standard__sub_object()         0x08007b79   Thumb Code     0  standard.o(i._ZN8standardC1Ev)
    buckboost::Regulation(float, float)      0x08007b85   Thumb Code   980  buckboost.o(i._ZN9buckboost10RegulationEff)
    buckboost::IpvSoftStart()                0x08007fe1   Thumb Code    10  buckboost.o(i._ZN9buckboost12IpvSoftStartEv)
    buckboost::buckboost()                   0x08007fed   Thumb Code    74  buckboost.o(i._ZN9buckboostC1Ev)
    buckboost::buckboost__sub_object()       0x08007fed   Thumb Code     0  buckboost.o(i._ZN9buckboostC1Ev)
    flashSave::GetSaveLen()                  0x08008041   Thumb Code    42  flashsave.o(i._ZN9flashSave10GetSaveLenEv)
    flashSave::WriteToFlash()                0x0800806b   Thumb Code    70  flashsave.o(i._ZN9flashSave12WriteToFlashEv)
    flashSave::SetBattCurrCoff(unsigned short) 0x080080b1   Thumb Code    10  flashsave.o(i._ZN9flashSave15SetBattCurrCoffEt)
    flashSave::SetBattVoltCoff(unsigned short) 0x080080bb   Thumb Code    10  flashsave.o(i._ZN9flashSave15SetBattVoltCoffEt)
    flashSave::SetInDcCurrCoff(unsigned short) 0x080080c5   Thumb Code    10  flashsave.o(i._ZN9flashSave15SetInDcCurrCoffEt)
    flashSave::SetInDcVoltCoff(unsigned short) 0x080080cf   Thumb Code     8  flashsave.o(i._ZN9flashSave15SetInDcVoltCoffEt)
    flashSave::SetInDc2CurrCoff(unsigned short) 0x080080d7   Thumb Code    10  flashsave.o(i._ZN9flashSave16SetInDc2CurrCoffEt)
    flashSave::SetInDc2VoltCoff(unsigned short) 0x080080e1   Thumb Code     8  flashsave.o(i._ZN9flashSave16SetInDc2VoltCoffEt)
    flashSave::Init(void*)                   0x080080e9   Thumb Code   262  flashsave.o(i._ZN9flashSave4InitEPv)
    flashSave::DataLmt(unsigned short*, unsigned short) 0x080081ef   Thumb Code    22  flashsave.o(i._ZN9flashSave7DataLmtEPtt)
    flashSave::flashSave()                   0x08008205   Thumb Code     2  flashsave.o(i._ZN9flashSaveC1Ev)
    flashSave::flashSave__sub_object()       0x08008205   Thumb Code     0  flashsave.o(i._ZN9flashSaveC1Ev)
    piecewise::GetValueHalf(float)           0x08008207   Thumb Code   118  piecewise.o(i._ZN9piecewise12GetValueHalfEf)
    piecewise::IsSet()                       0x0800827d   Thumb Code    10  ntc.o(i._ZN9piecewise5IsSetEv)
    piecewise::SetPara(unsigned short, const float*, const line*) 0x08008287   Thumb Code     8  piecewise.o(i._ZN9piecewise7SetParaEtPKfPK4line)
    piecewise::piecewise()                   0x0800828f   Thumb Code    10  piecewise.o(i._ZN9piecewiseC1Ev)
    piecewise::piecewise__sub_object()       0x0800828f   Thumb Code     0  piecewise.o(i._ZN9piecewiseC1Ev)
    worklogic::FaultCollect()                0x08008299   Thumb Code    44  worklogic.o(i._ZN9worklogic12FaultCollectEv)
    worklogic::BMUConmunicate()              0x080082c5   Thumb Code  1084  worklogic.o(i._ZN9worklogic14BMUConmunicateEv)
    worklogic::TemperatureChk()              0x08008701   Thumb Code   476  worklogic.o(i._ZN9worklogic14TemperatureChkEv)
    worklogic::BuckBoostStateShift()         0x08008901   Thumb Code  1054  worklogic.o(i._ZN9worklogic19BuckBoostStateShiftEv)
    worklogic::init()                        0x08008d65   Thumb Code   134  worklogic.o(i._ZN9worklogic4initEv)
    worklogic::FastOff()                     0x08008e0d   Thumb Code     2  worklogic.o(i._ZN9worklogic7FastOffEv)
    worklogic::WakeBmu()                     0x08008e11   Thumb Code   140  worklogic.o(i._ZN9worklogic7WakeBmuEv)
    worklogic::worklogic()                   0x08008ea1   Thumb Code   310  worklogic.o(i._ZN9worklogicC1Ev)
    worklogic::worklogic__sub_object()       0x08008ea1   Thumb Code     0  worklogic.o(i._ZN9worklogicC1Ev)
    adc_calibration_enable                   0x08009059   Thumb Code    30  gd32f30x_adc.o(i.adc_calibration_enable)
    adc_channel_length_config                0x08009077   Thumb Code    58  gd32f30x_adc.o(i.adc_channel_length_config)
    adc_data_alignment_config                0x080090b1   Thumb Code    24  gd32f30x_adc.o(i.adc_data_alignment_config)
    adc_deinit                               0x080090c9   Thumb Code    82  gd32f30x_adc.o(i.adc_deinit)
    adc_dma_mode_enable                      0x08009121   Thumb Code    10  gd32f30x_adc.o(i.adc_dma_mode_enable)
    adc_enable                               0x0800912b   Thumb Code    16  gd32f30x_adc.o(i.adc_enable)
    adc_external_trigger_config              0x0800913b   Thumb Code    56  gd32f30x_adc.o(i.adc_external_trigger_config)
    adc_external_trigger_source_config       0x08009173   Thumb Code    40  gd32f30x_adc.o(i.adc_external_trigger_source_config)
    adc_mode_config                          0x0800919d   Thumb Code    18  gd32f30x_adc.o(i.adc_mode_config)
    adc_regular_channel_config               0x080091b5   Thumb Code   126  gd32f30x_adc.o(i.adc_regular_channel_config)
    adc_resolution_config                    0x08009233   Thumb Code    18  gd32f30x_adc.o(i.adc_resolution_config)
    adc_special_function_config              0x08009245   Thumb Code    80  gd32f30x_adc.o(i.adc_special_function_config)
    crc_modbus                               0x08009295   Thumb Code    60  func.o(i.crc_modbus)
    dma_channel_disable                      0x080092d9   Thumb Code    36  gd32f30x_dma.o(i.dma_channel_disable)
    dma_channel_enable                       0x080092fd   Thumb Code    36  gd32f30x_dma.o(i.dma_channel_enable)
    dma_circulation_enable                   0x08009321   Thumb Code    36  gd32f30x_dma.o(i.dma_circulation_enable)
    dma_deinit                               0x08009345   Thumb Code    58  gd32f30x_dma.o(i.dma_deinit)
    dma_flag_clear                           0x0800937f   Thumb Code    12  gd32f30x_dma.o(i.dma_flag_clear)
    dma_flag_get                             0x0800938b   Thumb Code    18  gd32f30x_dma.o(i.dma_flag_get)
    dma_init                                 0x0800939d   Thumb Code   134  gd32f30x_dma.o(i.dma_init)
    dma_interrupt_enable                     0x08009423   Thumb Code    36  gd32f30x_dma.o(i.dma_interrupt_enable)
    dma_interrupt_flag_clear                 0x08009447   Thumb Code    12  gd32f30x_dma.o(i.dma_interrupt_flag_clear)
    dma_interrupt_flag_get                   0x08009453   Thumb Code    76  gd32f30x_dma.o(i.dma_interrupt_flag_get)
    dma_memory_address_config                0x0800949f   Thumb Code    32  gd32f30x_dma.o(i.dma_memory_address_config)
    dma_transfer_number_config               0x080094d9   Thumb Code    34  gd32f30x_dma.o(i.dma_transfer_number_config)
    fmc_bank0_ready_wait                     0x080094fb   Thumb Code    26  gd32f30x_fmc.o(i.fmc_bank0_ready_wait)
    fmc_bank0_state_get                      0x08009515   Thumb Code    34  gd32f30x_fmc.o(i.fmc_bank0_state_get)
    fmc_bank1_ready_wait                     0x0800953d   Thumb Code    26  gd32f30x_fmc.o(i.fmc_bank1_ready_wait)
    fmc_bank1_state_get                      0x08009559   Thumb Code    34  gd32f30x_fmc.o(i.fmc_bank1_state_get)
    fmc_halfword_program                     0x08009581   Thumb Code   134  gd32f30x_fmc.o(i.fmc_halfword_program)
    fmc_lock                                 0x08009619   Thumb Code    30  gd32f30x_fmc.o(i.fmc_lock)
    fmc_page_erase                           0x08009641   Thumb Code   164  gd32f30x_fmc.o(i.fmc_page_erase)
    fmc_unlock                               0x080096f5   Thumb Code    38  gd32f30x_fmc.o(i.fmc_unlock)
    gpio_bit_reset                           0x0800972d   Thumb Code     4  gd32f30x_gpio.o(i.gpio_bit_reset)
    gpio_bit_set                             0x08009731   Thumb Code     4  gd32f30x_gpio.o(i.gpio_bit_set)
    gpio_init                                0x08009735   Thumb Code   164  gd32f30x_gpio.o(i.gpio_init)
    gpio_input_bit_get                       0x080097d9   Thumb Code    14  gd32f30x_gpio.o(i.gpio_input_bit_get)
    gpio_pin_remap_config                    0x080097e9   Thumb Code    86  gd32f30x_gpio.o(i.gpio_pin_remap_config)
    main                                     0x08009845   Thumb Code    22  main.o(i.main)
    nvic_irq_disable                         0x0800985b   Thumb Code    22  gd32f30x_misc.o(i.nvic_irq_disable)
    nvic_irq_enable                          0x08009871   Thumb Code   150  gd32f30x_misc.o(i.nvic_irq_enable)
    nvic_priority_group_set                  0x0800990d   Thumb Code    10  gd32f30x_misc.o(i.nvic_priority_group_set)
    nvic_vector_table_set                    0x08009921   Thumb Code    16  gd32f30x_misc.o(i.nvic_vector_table_set)
    pvTaskIncrementMutexHeldCount            0x08009bed   Thumb Code    20  tasks.o(i.pvTaskIncrementMutexHeldCount)
    pxPortInitialiseStack                    0x08009c05   Thumb Code    30  port.o(i.pxPortInitialiseStack)
    rcu_adc_clock_config                     0x08009c29   Thumb Code    74  gd32f30x_rcu.o(i.rcu_adc_clock_config)
    rcu_clock_freq_get                       0x08009c7d   Thumb Code   224  gd32f30x_rcu.o(i.rcu_clock_freq_get)
    rcu_periph_clock_disable                 0x08009d79   Thumb Code    22  gd32f30x_rcu.o(i.rcu_periph_clock_disable)
    rcu_periph_clock_enable                  0x08009d95   Thumb Code    22  gd32f30x_rcu.o(i.rcu_periph_clock_enable)
    rcu_periph_reset_disable                 0x08009db1   Thumb Code    22  gd32f30x_rcu.o(i.rcu_periph_reset_disable)
    rcu_periph_reset_enable                  0x08009dcd   Thumb Code    22  gd32f30x_rcu.o(i.rcu_periph_reset_enable)
    timer_break_config                       0x08009ea9   Thumb Code    32  gd32f30x_timer.o(i.timer_break_config)
    timer_channel_output_config              0x08009ec9   Thumb Code   464  gd32f30x_timer.o(i.timer_channel_output_config)
    timer_channel_output_fast_config         0x0800a0a1   Thumb Code    84  gd32f30x_timer.o(i.timer_channel_output_fast_config)
    timer_channel_output_mode_config         0x0800a0f5   Thumb Code    84  gd32f30x_timer.o(i.timer_channel_output_mode_config)
    timer_channel_output_pulse_value_config  0x0800a149   Thumb Code    32  gd32f30x_timer.o(i.timer_channel_output_pulse_value_config)
    timer_channel_output_shadow_config       0x0800a169   Thumb Code    84  gd32f30x_timer.o(i.timer_channel_output_shadow_config)
    timer_counter_value_config               0x0800a1bd   Thumb Code     4  gd32f30x_timer.o(i.timer_counter_value_config)
    timer_deinit                             0x0800a1c1   Thumb Code   210  gd32f30x_timer.o(i.timer_deinit)
    timer_enable                             0x0800a29d   Thumb Code    10  gd32f30x_timer.o(i.timer_enable)
    timer_init                               0x0800a2a9   Thumb Code   120  gd32f30x_timer.o(i.timer_init)
    timer_input_trigger_source_select        0x0800a33d   Thumb Code    16  gd32f30x_timer.o(i.timer_input_trigger_source_select)
    timer_master_output_trigger_source_select 0x0800a34d   Thumb Code    16  gd32f30x_timer.o(i.timer_master_output_trigger_source_select)
    timer_master_slave_mode_config           0x0800a35d   Thumb Code    28  gd32f30x_timer.o(i.timer_master_slave_mode_config)
    timer_slave_mode_select                  0x0800a379   Thumb Code    16  gd32f30x_timer.o(i.timer_slave_mode_select)
    timer_update_event_enable                0x0800a389   Thumb Code    10  gd32f30x_timer.o(i.timer_update_event_enable)
    timer_update_source_config               0x0800a393   Thumb Code    28  gd32f30x_timer.o(i.timer_update_source_config)
    usart_baudrate_set                       0x0800a3b1   Thumb Code   102  gd32f30x_usart.o(i.usart_baudrate_set)
    usart_data_first_config                  0x0800a421   Thumb Code    18  gd32f30x_usart.o(i.usart_data_first_config)
    usart_data_receive                       0x0800a433   Thumb Code     8  gd32f30x_usart.o(i.usart_data_receive)
    usart_deinit                             0x0800a43d   Thumb Code   136  gd32f30x_usart.o(i.usart_deinit)
    usart_dma_transmit_config                0x0800a4cd   Thumb Code    12  gd32f30x_usart.o(i.usart_dma_transmit_config)
    usart_enable                             0x0800a4d9   Thumb Code    10  gd32f30x_usart.o(i.usart_enable)
    usart_parity_config                      0x0800a4e3   Thumb Code    16  gd32f30x_usart.o(i.usart_parity_config)
    usart_receive_config                     0x0800a4f3   Thumb Code    12  gd32f30x_usart.o(i.usart_receive_config)
    usart_stop_bit_set                       0x0800a4ff   Thumb Code    16  gd32f30x_usart.o(i.usart_stop_bit_set)
    usart_transmit_config                    0x0800a50f   Thumb Code    12  gd32f30x_usart.o(i.usart_transmit_config)
    usart_word_length_set                    0x0800a51b   Thumb Code    16  gd32f30x_usart.o(i.usart_word_length_set)
    uxListRemove                             0x0800a52b   Thumb Code    38  list.o(i.uxListRemove)
    vApplicationGetIdleTaskMemory            0x0800a551   Thumb Code    18  apptaskos.o(i.vApplicationGetIdleTaskMemory)
    vApplicationTickHook                     0x0800a569   Thumb Code    62  apptaskos.o(i.vApplicationTickHook)
    vListInitialise                          0x0800a5ad   Thumb Code    22  list.o(i.vListInitialise)
    vListInitialiseItem                      0x0800a5c3   Thumb Code     6  list.o(i.vListInitialiseItem)
    vListInsert                              0x0800a5c9   Thumb Code    48  list.o(i.vListInsert)
    vListInsertEnd                           0x0800a5f9   Thumb Code    24  list.o(i.vListInsertEnd)
    vPortEnterCritical                       0x0800a611   Thumb Code    24  port.o(i.vPortEnterCritical)
    vPortExitCritical                        0x0800a62d   Thumb Code    18  port.o(i.vPortExitCritical)
    vPortSetupTimerInterrupt                 0x0800a645   Thumb Code    20  port.o(i.vPortSetupTimerInterrupt)
    vTaskInternalSetTimeOutState             0x0800a65d   Thumb Code    12  tasks.o(i.vTaskInternalSetTimeOutState)
    vTaskMissedYield                         0x0800a66d   Thumb Code     8  tasks.o(i.vTaskMissedYield)
    vTaskPlaceOnEventList                    0x0800a679   Thumb Code    26  tasks.o(i.vTaskPlaceOnEventList)
    vTaskPriorityDisinheritAfterTimeout      0x0800a699   Thumb Code   116  tasks.o(i.vTaskPriorityDisinheritAfterTimeout)
    vTaskStartScheduler                      0x0800a715   Thumb Code    94  tasks.o(i.vTaskStartScheduler)
    vTaskSuspendAll                          0x0800a785   Thumb Code    10  tasks.o(i.vTaskSuspendAll)
    vTaskSwitchContext                       0x0800a795   Thumb Code    64  tasks.o(i.vTaskSwitchContext)
    xPortStartScheduler                      0x0800a7dd   Thumb Code    52  port.o(i.xPortStartScheduler)
    xQueueGenericCreateStatic                0x0800a81d   Thumb Code    20  queue.o(i.xQueueGenericCreateStatic)
    xQueueGenericReset                       0x0800a831   Thumb Code   114  queue.o(i.xQueueGenericReset)
    xQueueGiveFromISR                        0x0800a8a9   Thumb Code    86  queue.o(i.xQueueGiveFromISR)
    xQueueSemaphoreTake                      0x0800a901   Thumb Code   286  queue.o(i.xQueueSemaphoreTake)
    xTaskCheckForTimeOut                     0x0800aa25   Thumb Code    74  tasks.o(i.xTaskCheckForTimeOut)
    xTaskCreateStatic                        0x0800aa75   Thumb Code    54  tasks.o(i.xTaskCreateStatic)
    xTaskIncrementTick                       0x0800aaad   Thumb Code   190  tasks.o(i.xTaskIncrementTick)
    xTaskPriorityInherit                     0x0800ab75   Thumb Code   134  tasks.o(i.xTaskPriorityInherit)
    xTaskRemoveFromEventList                 0x0800ac05   Thumb Code    94  tasks.o(i.xTaskRemoveFromEventList)
    xTaskResumeAll                           0x0800ac6d   Thumb Code   168  tasks.o(i.xTaskResumeAll)
    _fp_init                                 0x0800ad21   Thumb Code    10  fpinit.o(x$fpl$fpinit)
    __fplib_config_fpu_vfp                   0x0800ad29   Thumb Code     0  fpinit.o(x$fpl$fpinit)
    __fplib_config_pureend_doubles           0x0800ad29   Thumb Code     0  fpinit.o(x$fpl$fpinit)
    g_NtcBreakPoint                          0x0800ad2c   Data         584  variable.o(.constdata)
    g_NtcLine                                0x0800af74   Data        1176  variable.o(.constdata)
    vtable for standard                      0x0800b498   Data          20  standard.o(.constdata__ZTV8standard)
    Region$$Table$$Base                      0x0800b4ac   Number         0  anon$$obj.o(Region$$Table)
    Region$$Table$$Limit                     0x0800b4cc   Number         0  anon$$obj.o(Region$$Table)
    SHT$$INIT_ARRAY$$Base                    0x0800b4cc   Number         0  apptaskos.o(.init_array)
    SHT$$INIT_ARRAY$$Limit                   0x0800b4d8   Number         0  init_aeabi.o(.init_array)
    g_SemStartHandle                         0x20000000   Data           4  apptaskos.o(.data)
    PeriodTask                               0x20000004   Data          48  apptaskos.o(.data)
    comm0Para                                0x20000038   Data          80  variable.o(.data)
    objDftStd                                0x20000088   Data           4  variable.o(.data)
    g_pvVolt                                 0x2000008c   Data           2  sample.o(.data)
    g_pvCurr                                 0x2000008e   Data           2  sample.o(.data)
    g_pvVolt2                                0x20000090   Data           2  sample.o(.data)
    g_pvCurr2                                0x20000092   Data           2  sample.o(.data)
    g_battVolt                               0x20000094   Data           2  sample.o(.data)
    g_battCurr                               0x20000096   Data           2  sample.o(.data)
    g_pvPower                                0x20000098   Data           2  sample.o(.data)
    g_pvPower2                               0x2000009a   Data           2  sample.o(.data)
    g_mainCurr                               0x2000009c   Data           2  sample.o(.data)
    g_mainVolt                               0x2000009e   Data           2  sample.o(.data)
    commFaultCnt                             0x200000a4   Data           4  protocol.o(.data)
    pxCurrentTCB                             0x200000a8   Data           4  tasks.o(.data)
    uxTopUsedPriority                        0x200000d4   Data           4  tasks.o(.data)
    ARCH_LedToggle::ledValue                 0x200000e8   Data           2  apptaskos.o(.data__ZZ14ARCH_LedToggleE8ledValue)
    ARCH_TestToggle::testValue               0x200000ea   Data           2  apptaskos.o(.data__ZZ15ARCH_TestToggleE9testValue)
    g_SemStartMem                            0x200032e4   Data          72  apptaskos.o(.bss)
    g_SignalPool                             0x2000332c   Data         288  apptaskos.o(.bss)
    objWorkLogic                             0x2000344c   Data         612  apptaskos.o(.bss)
    JS_RTT_UpBuffer                          0x200036b0   Data         128  apptaskos.o(.bss)
    objSample                                0x20003930   Data         148  variable.o(.bss)
    objRated                                 0x200039c4   Data          36  variable.o(.bss)
    objDataCalc                              0x200039e8   Data         180  variable.o(.bss)
    objMppt                                  0x20003a9c   Data          56  variable.o(.bss)
    objMppt2                                 0x20003ad4   Data          56  variable.o(.bss)
    objBuckBoost                             0x20003b0c   Data         216  variable.o(.bss)
    objBuckBoost2                            0x20003be4   Data         216  variable.o(.bss)
    objProtocol                              0x20003cbc   Data        1280  variable.o(.bss)
    objFlashSave                             0x200041bc   Data          20  variable.o(.bss)
    objIsrTimeStat                           0x20004270   Data          32  arch.o(.bss)
    g_Adc0Buf                                0x20004290   Data          20  arch.o(.bss)
    _SEGGER_RTT                              0x200042a4   Data         168  segger_rtt.o(.bss)
    __libspace_start                         0x2000535c   Data          96  libspace.o(.bss)
    __temporary_stack_top$libspace           0x200053bc   Data           0  libspace.o(.bss)



==============================================================================

Memory Map of the image

  Image Entry point : 0x08005131

  Load Region LR_IROM1 (Base: 0x08005000, Size: 0x000065c4, Max: 0x0003a800, ABSOLUTE)

    Execution Region ER_IROM1 (Exec base: 0x08005000, Load base: 0x08005000, Size: 0x000064d8, Max: 0x0003a800, ABSOLUTE)

    Exec Addr    Load Addr    Size         Type   Attr      Idx    E Section Name        Object

    0x08005000   0x08005000   0x00000130   Data   RO          142    RESET               startup_gd32f30x_hd.o
    0x08005130   0x08005130   0x00000008   Code   RO         6969  * !!!main             c_w.l(__main.o)
    0x08005138   0x08005138   0x00000034   Code   RO         7386    !!!scatter          c_w.l(__scatter.o)
    0x0800516c   0x0800516c   0x0000001a   Code   RO         7388    !!handler_copy      c_w.l(__scatter_copy.o)
    0x08005186   0x08005186   0x00000002   PAD
    0x08005188   0x08005188   0x0000001c   Code   RO         7390    !!handler_zi        c_w.l(__scatter_zi.o)
    0x080051a4   0x080051a4   0x00000002   Code   RO         7252    .ARM.Collect$$libinit$$00000000  c_w.l(libinit.o)
    0x080051a6   0x080051a6   0x00000004   Code   RO         7086    .ARM.Collect$$libinit$$00000001  c_w.l(libinit2.o)
    0x080051aa   0x080051aa   0x00000000   Code   RO         7089    .ARM.Collect$$libinit$$00000004  c_w.l(libinit2.o)
    0x080051aa   0x080051aa   0x00000000   Code   RO         7092    .ARM.Collect$$libinit$$0000000A  c_w.l(libinit2.o)
    0x080051aa   0x080051aa   0x00000000   Code   RO         7094    .ARM.Collect$$libinit$$0000000C  c_w.l(libinit2.o)
    0x080051aa   0x080051aa   0x00000000   Code   RO         7096    .ARM.Collect$$libinit$$0000000E  c_w.l(libinit2.o)
    0x080051aa   0x080051aa   0x00000000   Code   RO         7099    .ARM.Collect$$libinit$$00000011  c_w.l(libinit2.o)
    0x080051aa   0x080051aa   0x00000000   Code   RO         7101    .ARM.Collect$$libinit$$00000013  c_w.l(libinit2.o)
    0x080051aa   0x080051aa   0x00000000   Code   RO         7103    .ARM.Collect$$libinit$$00000015  c_w.l(libinit2.o)
    0x080051aa   0x080051aa   0x00000000   Code   RO         7105    .ARM.Collect$$libinit$$00000017  c_w.l(libinit2.o)
    0x080051aa   0x080051aa   0x00000000   Code   RO         7107    .ARM.Collect$$libinit$$00000019  c_w.l(libinit2.o)
    0x080051aa   0x080051aa   0x00000000   Code   RO         7109    .ARM.Collect$$libinit$$0000001B  c_w.l(libinit2.o)
    0x080051aa   0x080051aa   0x00000000   Code   RO         7111    .ARM.Collect$$libinit$$0000001D  c_w.l(libinit2.o)
    0x080051aa   0x080051aa   0x00000000   Code   RO         7113    .ARM.Collect$$libinit$$0000001F  c_w.l(libinit2.o)
    0x080051aa   0x080051aa   0x00000000   Code   RO         7115    .ARM.Collect$$libinit$$00000021  c_w.l(libinit2.o)
    0x080051aa   0x080051aa   0x00000000   Code   RO         7117    .ARM.Collect$$libinit$$00000023  c_w.l(libinit2.o)
    0x080051aa   0x080051aa   0x00000000   Code   RO         7119    .ARM.Collect$$libinit$$00000025  c_w.l(libinit2.o)
    0x080051aa   0x080051aa   0x00000000   Code   RO         7123    .ARM.Collect$$libinit$$0000002C  c_w.l(libinit2.o)
    0x080051aa   0x080051aa   0x00000000   Code   RO         7125    .ARM.Collect$$libinit$$0000002E  c_w.l(libinit2.o)
    0x080051aa   0x080051aa   0x00000000   Code   RO         7127    .ARM.Collect$$libinit$$00000030  c_w.l(libinit2.o)
    0x080051aa   0x080051aa   0x00000004   Code   RO         7128    .ARM.Collect$$libinit$$00000031  c_w.l(libinit2.o)
    0x080051ae   0x080051ae   0x00000000   Code   RO         7129    .ARM.Collect$$libinit$$00000032  c_w.l(libinit2.o)
    0x080051ae   0x080051ae   0x00000002   Code   RO         7130    .ARM.Collect$$libinit$$00000033  c_w.l(libinit2.o)
    0x080051b0   0x080051b0   0x00000002   Code   RO         7345    .ARM.Collect$$libshutdown$$00000000  c_w.l(libshutdown.o)
    0x080051b2   0x080051b2   0x00000000   Code   RO         7355    .ARM.Collect$$libshutdown$$00000002  c_w.l(libshutdown2.o)
    0x080051b2   0x080051b2   0x00000000   Code   RO         7357    .ARM.Collect$$libshutdown$$00000004  c_w.l(libshutdown2.o)
    0x080051b2   0x080051b2   0x00000000   Code   RO         7360    .ARM.Collect$$libshutdown$$00000007  c_w.l(libshutdown2.o)
    0x080051b2   0x080051b2   0x00000000   Code   RO         7363    .ARM.Collect$$libshutdown$$0000000A  c_w.l(libshutdown2.o)
    0x080051b2   0x080051b2   0x00000000   Code   RO         7365    .ARM.Collect$$libshutdown$$0000000C  c_w.l(libshutdown2.o)
    0x080051b2   0x080051b2   0x00000000   Code   RO         7368    .ARM.Collect$$libshutdown$$0000000F  c_w.l(libshutdown2.o)
    0x080051b2   0x080051b2   0x00000002   Code   RO         7369    .ARM.Collect$$libshutdown$$00000010  c_w.l(libshutdown2.o)
    0x080051b4   0x080051b4   0x00000000   Code   RO         7083    .ARM.Collect$$rtentry$$00000000  c_w.l(__rtentry.o)
    0x080051b4   0x080051b4   0x00000000   Code   RO         7145    .ARM.Collect$$rtentry$$00000002  c_w.l(__rtentry2.o)
    0x080051b4   0x080051b4   0x00000006   Code   RO         7157    .ARM.Collect$$rtentry$$00000004  c_w.l(__rtentry4.o)
    0x080051ba   0x080051ba   0x00000000   Code   RO         7147    .ARM.Collect$$rtentry$$00000009  c_w.l(__rtentry2.o)
    0x080051ba   0x080051ba   0x00000004   Code   RO         7148    .ARM.Collect$$rtentry$$0000000A  c_w.l(__rtentry2.o)
    0x080051be   0x080051be   0x00000000   Code   RO         7150    .ARM.Collect$$rtentry$$0000000C  c_w.l(__rtentry2.o)
    0x080051be   0x080051be   0x00000008   Code   RO         7151    .ARM.Collect$$rtentry$$0000000D  c_w.l(__rtentry2.o)
    0x080051c6   0x080051c6   0x00000002   Code   RO         7265    .ARM.Collect$$rtexit$$00000000  c_w.l(rtexit.o)
    0x080051c8   0x080051c8   0x00000000   Code   RO         7314    .ARM.Collect$$rtexit$$00000002  c_w.l(rtexit2.o)
    0x080051c8   0x080051c8   0x00000004   Code   RO         7315    .ARM.Collect$$rtexit$$00000003  c_w.l(rtexit2.o)
    0x080051cc   0x080051cc   0x00000006   Code   RO         7316    .ARM.Collect$$rtexit$$00000004  c_w.l(rtexit2.o)
    0x080051d2   0x080051d2   0x00000002   PAD
    0x080051d4   0x080051d4   0x000000be   Code   RO         6368    .emb_text           port.o
    0x08005292   0x08005292   0x00000002   PAD
    0x08005294   0x08005294   0x00000040   Code   RO          143    .text               startup_gd32f30x_hd.o
    0x080052d4   0x080052d4   0x0000008a   Code   RO         6963    .text               c_w.l(rt_memcpy_v6.o)
    0x0800535e   0x0800535e   0x0000004e   Code   RO         6965    .text               c_w.l(rt_memclr_w.o)
    0x080053ac   0x080053ac   0x00000006   Code   RO         6967    .text               c_w.l(heapauxi.o)
    0x080053b2   0x080053b2   0x00000002   PAD
    0x080053b4   0x080053b4   0x00000024   Code   RO         6974    .text               c_w.l(init_aeabi.o)
    0x080053d8   0x080053d8   0x00000064   Code   RO         7084    .text               c_w.l(rt_memcpy_w.o)
    0x0800543c   0x0800543c   0x0000004a   Code   RO         7176    .text               c_w.l(sys_stackheap_outer.o)
    0x08005486   0x08005486   0x00000012   Code   RO         7239    .text               c_w.l(exit.o)
    0x08005498   0x08005498   0x0000000c   Code   RO         7258    .text               c_w.l(sys_exit.o)
    0x080054a4   0x080054a4   0x00000008   Code   RO         7260    .text               c_w.l(libspace.o)
    0x080054ac   0x080054ac   0x00000002   Code   RO         7310    .text               c_w.l(use_no_semi.o)
    0x080054ae   0x080054ae   0x00000000   Code   RO         7312    .text               c_w.l(indicate_semi.o)
    0x080054ae   0x080054ae   0x0000003e   Code   RO         6441    i.ARCH_FlashHalfWord  arch.o
    0x080054ec   0x080054ec   0x00000002   Code   RO         4057    i.BusFault_Handler  gd32f30x_it.o
    0x080054ee   0x080054ee   0x00000002   PAD
    0x080054f0   0x080054f0   0x00000088   Code   RO         6442    i.DMA0_Channel0_IRQHandler  arch.o
    0x08005578   0x08005578   0x00000002   Code   RO         4058    i.DebugMon_Handler  gd32f30x_it.o
    0x0800557a   0x0800557a   0x0000001a   Code   RO         4973    i.Filter            datacalc.o
    0x08005594   0x08005594   0x00000002   Code   RO         4059    i.HardFault_Handler  gd32f30x_it.o
    0x08005596   0x08005596   0x00000002   Code   RO         6443    i.InformBMUEnd      arch.o
    0x08005598   0x08005598   0x00000002   Code   RO         6444    i.InformBMUStart    arch.o
    0x0800559a   0x0800559a   0x00000002   PAD
    0x0800559c   0x0800559c   0x0000023c   Code   RO         6445    i.InitADC           arch.o
    0x080057d8   0x080057d8   0x0000006c   Code   RO         6446    i.InitBSP           arch.o
    0x08005844   0x08005844   0x00000088   Code   RO         6447    i.InitGPIO          arch.o
    0x080058cc   0x080058cc   0x000003e0   Code   RO         6448    i.InitPWM           arch.o
    0x08005cac   0x08005cac   0x00000154   Code   RO         4321    i.IsrDeal           apptaskos.o
    0x08005e00   0x08005e00   0x00000118   Code   RO         6449    i.JumpTo            arch.o
    0x08005f18   0x08005f18   0x00000002   Code   RO         4060    i.MemManage_Handler  gd32f30x_it.o
    0x08005f1a   0x08005f1a   0x00000002   Code   RO         4061    i.NMI_Handler       gd32f30x_it.o
    0x08005f1c   0x08005f1c   0x00000060   Code   RO         6725    i.SEGGER_RTT_ConfigUpBuffer  segger_rtt.o
    0x08005f7c   0x08005f7c   0x0000002c   Code   RO         6369    i.SysTick_Handler   port.o
    0x08005fa8   0x08005fa8   0x00000002   Code   RO         4062    i.UsageFault_Handler  gd32f30x_it.o
    0x08005faa   0x08005faa   0x00000002   PAD
    0x08005fac   0x08005fac   0x00000020   Code   RO         6450    i.WakeBMUEnd        arch.o
    0x08005fcc   0x08005fcc   0x00000034   Code   RO         6451    i.WakeBMUStart      arch.o
    0x08006000   0x08006000   0x00000030   Data   RO         4658    .ARM.__AT_0x08006000  variable.o
    0x08006030   0x08006030   0x00000068   Code   RO            4    i.SystemInit        system_gd32f30x.o
    0x08006098   0x08006098   0x00000084   Code   RO         4322    i.TaskCreat         apptaskos.o
    0x0800611c   0x0800611c   0x00000068   Code   RO         6754    i._DoInit           segger_rtt.o
    0x08006184   0x08006184   0x00000048   Code   RO         4548    i._Z14init_crc16_tabv  func.o
    0x080061cc   0x080061cc   0x00000010   Code   RO         6452    i._Z5Delayv         arch.o
    0x080061dc   0x080061dc   0x00000060   Code   RO         4324    i._Z6Task1sPv       apptaskos.o
    0x0800623c   0x0800623c   0x00000044   Code   RO         4325    i._Z7Task2msPv      apptaskos.o
    0x08006280   0x08006280   0x00000040   Code   RO         4326    i._Z8Task10msPv     apptaskos.o
    0x080062c0   0x080062c0   0x0000005c   Code   RO         4327    i._Z9Task100msPv    apptaskos.o
    0x0800631c   0x0800631c   0x0000018c   Code   RO         4328    i._Z9TaskStartPv    apptaskos.o
    0x080064a8   0x080064a8   0x0000000a   Code   RO         5475    i._ZN10multistate7SetParaEtPKff  multistate.o
    0x080064b2   0x080064b2   0x000000a2   Code   RO         5476    i._ZN10multistate7executeEf  multistate.o
    0x08006554   0x08006554   0x00000008   Code   RO         5477    i._ZN10multistateC1Ev  multistate.o
    0x0800655c   0x0800655c   0x0000008a   Code   RO         5442    i._ZN12PIController3runEf  buckboost.o
    0x080065e6   0x080065e6   0x00000006   Code   RO         4873    i._ZN12PIController6SetMaxEf  picontroller.o
    0x080065ec   0x080065ec   0x00000006   Code   RO         4874    i._ZN12PIController6SetMinEf  picontroller.o
    0x080065f2   0x080065f2   0x00000016   Code   RO         4875    i._ZN12PIController7SetParaEfffff  picontroller.o
    0x08006608   0x08006608   0x00000006   Code   RO         4877    i._ZN12PIController8SetIntegEf  picontroller.o
    0x0800660e   0x0800660e   0x00000002   PAD
    0x08006610   0x08006610   0x00000030   Code   RO         4878    i._ZN12PIControllerC1Ev  picontroller.o
    0x08006640   0x08006640   0x00000004   Code   RO         5055    i._ZN3ntc10SetNtcLineEtPKfPK4line  ntc.o
    0x08006644   0x08006644   0x00000084   Code   RO         5057    i._ZN3ntc12CalcAdToTempEf  ntc.o
    0x080066c8   0x080066c8   0x00000004   Code   RO         5059    i._ZN3ntcC1Ev       ntc.o
    0x080066cc   0x080066cc   0x00000030   Code   RO         5371    i._ZN4mppt13SetPowerLimitEf  mppt.o
    0x080066fc   0x080066fc   0x00000040   Code   RO         5372    i._ZN4mppt3rstEv    mppt.o
    0x0800673c   0x0800673c   0x00000208   Code   RO         5373    i._ZN4mppt3runEff   mppt.o
    0x08006944   0x08006944   0x000000c8   Code   RO         5374    i._ZN4mppt6SetUocEf  mppt.o
    0x08006a0c   0x08006a0c   0x0000000e   Code   RO         5375    i._ZN4mpptC1Ev      mppt.o
    0x08006a1a   0x08006a1a   0x00000002   PAD
    0x08006a1c   0x08006a1c   0x00000148   Code   RO         4828    i._ZN5rated10renewParamEff  rated.o
    0x08006b64   0x08006b64   0x00000002   Code   RO         4830    i._ZN5ratedC1Ev     rated.o
    0x08006b66   0x08006b66   0x00000014   Code   RO         4700    i._ZN6sample11CaliDataLmtEPt  sample.o
    0x08006b7a   0x08006b7a   0x00000060   Code   RO         4702    i._ZN6sample15OffsetCalibrateEv  sample.o
    0x08006bda   0x08006bda   0x00000002   PAD
    0x08006bdc   0x08006bdc   0x0000002c   Code   RO         4703    i._ZN6sample17CalibrateBattCurrEt  sample.o
    0x08006c08   0x08006c08   0x0000002c   Code   RO         4704    i._ZN6sample17CalibrateBattVoltEt  sample.o
    0x08006c34   0x08006c34   0x0000002c   Code   RO         4705    i._ZN6sample17CalibrateInDcCurrEt  sample.o
    0x08006c60   0x08006c60   0x0000002c   Code   RO         4706    i._ZN6sample17CalibrateInDcVoltEt  sample.o
    0x08006c8c   0x08006c8c   0x0000002c   Code   RO         4709    i._ZN6sample18CalibrateInDc2CurrEt  sample.o
    0x08006cb8   0x08006cb8   0x0000002c   Code   RO         4710    i._ZN6sample18CalibrateInDc2VoltEt  sample.o
    0x08006ce4   0x08006ce4   0x000001f0   Code   RO         4711    i._ZN6sample8DataDealEv  sample.o
    0x08006ed4   0x08006ed4   0x0000002a   Code   RO         4712    i._ZN6sampleC1Ev    sample.o
    0x08006efe   0x08006efe   0x00000066   Code   RO         4610    i._ZN7isrtime5calc2Ev  isrtime.o
    0x08006f64   0x08006f64   0x0000000c   Code   RO         4611    i._ZN7isrtimeC1Ev   isrtime.o
    0x08006f70   0x08006f70   0x00000036   Code   RO         6673    i._ZN7uartDrv3revEPht  uartdrv.o
    0x08006fa6   0x08006fa6   0x0000012c   Code   RO         6674    i._ZN7uartDrv4initEv  uartdrv.o
    0x080070d2   0x080070d2   0x0000005e   Code   RO         6675    i._ZN7uartDrv4sendEPht  uartdrv.o
    0x08007130   0x08007130   0x000000b2   Code   RO         6676    i._ZN7uartDrv5checkEv  uartdrv.o
    0x080071e2   0x080071e2   0x00000006   Code   RO         6677    i._ZN7uartDrvC1Ev   uartdrv.o
    0x080071e8   0x080071e8   0x00000108   Code   RO         4940    i._ZN8dataCalc3AddEv  datacalc.o
    0x080072f0   0x080072f0   0x000000e8   Code   RO         4941    i._ZN8dataCalc4CalcEv  datacalc.o
    0x080073d8   0x080073d8   0x000000a0   Code   RO         4942    i._ZN8dataCalc4SaveEv  datacalc.o
    0x08007478   0x08007478   0x00000050   Code   RO         4943    i._ZN8dataCalcC1Ev  datacalc.o
    0x080074c8   0x080074c8   0x0000004c   Code   RO         5293    i._ZN8faultChk10RetChkHighEfP15faultChkRetType  standard.o
    0x08007514   0x08007514   0x0000004c   Code   RO         5287    i._ZN8faultChk9RetChkLowEfP15faultChkRetType  standard.o
    0x08007560   0x08007560   0x00000008   Code   RO         4921    i._ZN8faultChkC1Ev  faultchk.o
    0x08007568   0x08007568   0x00000012   Code   RO         5501    i._ZN8protocol17CalibrateCoffInitEtt  protocol.o
    0x0800757a   0x0800757a   0x00000002   PAD
    0x0800757c   0x0800757c   0x000003cc   Code   RO         5502    i._ZN8protocol4dealEv  protocol.o
    0x08007948   0x08007948   0x0000000c   Code   RO         5503    i._ZN8protocol7SetParaEPK8uartPara  protocol.o
    0x08007954   0x08007954   0x00000052   Code   RO         5504    i._ZN8protocolC1Ev  protocol.o
    0x080079a6   0x080079a6   0x00000002   PAD
    0x080079a8   0x080079a8   0x00000060   Code   RO         5253    i._ZN8standard7FastChkEv  standard.o
    0x08007a08   0x08007a08   0x00000170   Code   RO         5254    i._ZN8standard7SlowChkEv  standard.o
    0x08007b78   0x08007b78   0x0000000c   Code   RO         5255    i._ZN8standardC1Ev  standard.o
    0x08007b84   0x08007b84   0x0000045c   Code   RO         5415    i._ZN9buckboost10RegulationEff  buckboost.o
    0x08007fe0   0x08007fe0   0x0000000a   Code   RO         5416    i._ZN9buckboost12IpvSoftStartEv  buckboost.o
    0x08007fea   0x08007fea   0x00000002   PAD
    0x08007fec   0x08007fec   0x00000054   Code   RO         5417    i._ZN9buckboostC1Ev  buckboost.o
    0x08008040   0x08008040   0x0000002a   Code   RO         5550    i._ZN9flashSave10GetSaveLenEv  flashsave.o
    0x0800806a   0x0800806a   0x00000046   Code   RO         5551    i._ZN9flashSave12WriteToFlashEv  flashsave.o
    0x080080b0   0x080080b0   0x0000000a   Code   RO         5552    i._ZN9flashSave15SetBattCurrCoffEt  flashsave.o
    0x080080ba   0x080080ba   0x0000000a   Code   RO         5553    i._ZN9flashSave15SetBattVoltCoffEt  flashsave.o
    0x080080c4   0x080080c4   0x0000000a   Code   RO         5554    i._ZN9flashSave15SetInDcCurrCoffEt  flashsave.o
    0x080080ce   0x080080ce   0x00000008   Code   RO         5555    i._ZN9flashSave15SetInDcVoltCoffEt  flashsave.o
    0x080080d6   0x080080d6   0x0000000a   Code   RO         5556    i._ZN9flashSave16SetInDc2CurrCoffEt  flashsave.o
    0x080080e0   0x080080e0   0x00000008   Code   RO         5557    i._ZN9flashSave16SetInDc2VoltCoffEt  flashsave.o
    0x080080e8   0x080080e8   0x00000106   Code   RO         5558    i._ZN9flashSave4InitEPv  flashsave.o
    0x080081ee   0x080081ee   0x00000016   Code   RO         5619    i._ZN9flashSave7DataLmtEPtt  flashsave.o
    0x08008204   0x08008204   0x00000002   Code   RO         5559    i._ZN9flashSaveC1Ev  flashsave.o
    0x08008206   0x08008206   0x00000076   Code   RO         5023    i._ZN9piecewise12GetValueHalfEf  piecewise.o
    0x0800827c   0x0800827c   0x0000000a   Code   RO         5094    i._ZN9piecewise5IsSetEv  ntc.o
    0x08008286   0x08008286   0x00000008   Code   RO         5024    i._ZN9piecewise7SetParaEtPKfPK4line  piecewise.o
    0x0800828e   0x0800828e   0x0000000a   Code   RO         5026    i._ZN9piecewiseC1Ev  piecewise.o
    0x08008298   0x08008298   0x0000002c   Code   RO         5115    i._ZN9worklogic12FaultCollectEv  worklogic.o
    0x080082c4   0x080082c4   0x0000043c   Code   RO         5116    i._ZN9worklogic14BMUConmunicateEv  worklogic.o
    0x08008700   0x08008700   0x00000200   Code   RO         5117    i._ZN9worklogic14TemperatureChkEv  worklogic.o
    0x08008900   0x08008900   0x00000464   Code   RO         5119    i._ZN9worklogic19BuckBoostStateShiftEv  worklogic.o
    0x08008d64   0x08008d64   0x000000a8   Code   RO         5120    i._ZN9worklogic4initEv  worklogic.o
    0x08008e0c   0x08008e0c   0x00000002   Code   RO         5121    i._ZN9worklogic7FastOffEv  worklogic.o
    0x08008e0e   0x08008e0e   0x00000002   PAD
    0x08008e10   0x08008e10   0x00000090   Code   RO         5122    i._ZN9worklogic7WakeBmuEv  worklogic.o
    0x08008ea0   0x08008ea0   0x00000140   Code   RO         5123    i._ZN9worklogicC1Ev  worklogic.o
    0x08008fe0   0x08008fe0   0x00000060   Code   RO         4657    i.__sti___12_variable_cpp_9fbe3ce0  variable.o
    0x08009040   0x08009040   0x0000000c   Code   RO         4329    i.__sti___13_appTaskOs_cpp_fa29720b  apptaskos.o
    0x0800904c   0x0800904c   0x0000000c   Code   RO         6453    i.__sti___8_arch_cpp_4222c476  arch.o
    0x08009058   0x08009058   0x0000001e   Code   RO          149    i.adc_calibration_enable  gd32f30x_adc.o
    0x08009076   0x08009076   0x0000003a   Code   RO          150    i.adc_channel_length_config  gd32f30x_adc.o
    0x080090b0   0x080090b0   0x00000018   Code   RO          151    i.adc_data_alignment_config  gd32f30x_adc.o
    0x080090c8   0x080090c8   0x00000058   Code   RO          152    i.adc_deinit        gd32f30x_adc.o
    0x08009120   0x08009120   0x0000000a   Code   RO          156    i.adc_dma_mode_enable  gd32f30x_adc.o
    0x0800912a   0x0800912a   0x00000010   Code   RO          157    i.adc_enable        gd32f30x_adc.o
    0x0800913a   0x0800913a   0x00000038   Code   RO          158    i.adc_external_trigger_config  gd32f30x_adc.o
    0x08009172   0x08009172   0x00000028   Code   RO          159    i.adc_external_trigger_source_config  gd32f30x_adc.o
    0x0800919a   0x0800919a   0x00000002   PAD
    0x0800919c   0x0800919c   0x00000018   Code   RO          169    i.adc_mode_config   gd32f30x_adc.o
    0x080091b4   0x080091b4   0x0000007e   Code   RO          173    i.adc_regular_channel_config  gd32f30x_adc.o
    0x08009232   0x08009232   0x00000012   Code   RO          175    i.adc_resolution_config  gd32f30x_adc.o
    0x08009244   0x08009244   0x00000050   Code   RO          177    i.adc_special_function_config  gd32f30x_adc.o
    0x08009294   0x08009294   0x00000044   Code   RO         4549    i.crc_modbus        func.o
    0x080092d8   0x080092d8   0x00000024   Code   RO         1131    i.dma_channel_disable  gd32f30x_dma.o
    0x080092fc   0x080092fc   0x00000024   Code   RO         1132    i.dma_channel_enable  gd32f30x_dma.o
    0x08009320   0x08009320   0x00000024   Code   RO         1134    i.dma_circulation_enable  gd32f30x_dma.o
    0x08009344   0x08009344   0x0000003a   Code   RO         1135    i.dma_deinit        gd32f30x_dma.o
    0x0800937e   0x0800937e   0x0000000c   Code   RO         1136    i.dma_flag_clear    gd32f30x_dma.o
    0x0800938a   0x0800938a   0x00000012   Code   RO         1137    i.dma_flag_get      gd32f30x_dma.o
    0x0800939c   0x0800939c   0x00000086   Code   RO         1138    i.dma_init          gd32f30x_dma.o
    0x08009422   0x08009422   0x00000024   Code   RO         1140    i.dma_interrupt_enable  gd32f30x_dma.o
    0x08009446   0x08009446   0x0000000c   Code   RO         1141    i.dma_interrupt_flag_clear  gd32f30x_dma.o
    0x08009452   0x08009452   0x0000004c   Code   RO         1142    i.dma_interrupt_flag_get  gd32f30x_dma.o
    0x0800949e   0x0800949e   0x00000020   Code   RO         1143    i.dma_memory_address_config  gd32f30x_dma.o
    0x080094be   0x080094be   0x00000002   PAD
    0x080094c0   0x080094c0   0x00000018   Code   RO         1150    i.dma_periph_and_channel_check  gd32f30x_dma.o
    0x080094d8   0x080094d8   0x00000022   Code   RO         1157    i.dma_transfer_number_config  gd32f30x_dma.o
    0x080094fa   0x080094fa   0x0000001a   Code   RO         1572    i.fmc_bank0_ready_wait  gd32f30x_fmc.o
    0x08009514   0x08009514   0x00000028   Code   RO         1573    i.fmc_bank0_state_get  gd32f30x_fmc.o
    0x0800953c   0x0800953c   0x0000001a   Code   RO         1577    i.fmc_bank1_ready_wait  gd32f30x_fmc.o
    0x08009556   0x08009556   0x00000002   PAD
    0x08009558   0x08009558   0x00000028   Code   RO         1578    i.fmc_bank1_state_get  gd32f30x_fmc.o
    0x08009580   0x08009580   0x00000098   Code   RO         1582    i.fmc_halfword_program  gd32f30x_fmc.o
    0x08009618   0x08009618   0x00000028   Code   RO         1587    i.fmc_lock          gd32f30x_fmc.o
    0x08009640   0x08009640   0x000000b4   Code   RO         1589    i.fmc_page_erase    gd32f30x_fmc.o
    0x080096f4   0x080096f4   0x00000038   Code   RO         1590    i.fmc_unlock        gd32f30x_fmc.o
    0x0800972c   0x0800972c   0x00000004   Code   RO         1845    i.gpio_bit_reset    gd32f30x_gpio.o
    0x08009730   0x08009730   0x00000004   Code   RO         1846    i.gpio_bit_set      gd32f30x_gpio.o
    0x08009734   0x08009734   0x000000a4   Code   RO         1855    i.gpio_init         gd32f30x_gpio.o
    0x080097d8   0x080097d8   0x0000000e   Code   RO         1856    i.gpio_input_bit_get  gd32f30x_gpio.o
    0x080097e6   0x080097e6   0x00000002   PAD
    0x080097e8   0x080097e8   0x0000005c   Code   RO         1861    i.gpio_pin_remap_config  gd32f30x_gpio.o
    0x08009844   0x08009844   0x00000016   Code   RO         4156    i.main              main.o
    0x0800985a   0x0800985a   0x00000016   Code   RO         2172    i.nvic_irq_disable  gd32f30x_misc.o
    0x08009870   0x08009870   0x0000009c   Code   RO         2173    i.nvic_irq_enable   gd32f30x_misc.o
    0x0800990c   0x0800990c   0x00000014   Code   RO         2174    i.nvic_priority_group_set  gd32f30x_misc.o
    0x08009920   0x08009920   0x00000018   Code   RO         2175    i.nvic_vector_table_set  gd32f30x_misc.o
    0x08009938   0x08009938   0x00000054   Code   RO         6096    i.prvAddCurrentTaskToDelayedList  tasks.o
    0x0800998c   0x0800998c   0x00000088   Code   RO         6097    i.prvAddNewTaskToReadyList  tasks.o
    0x08009a14   0x08009a14   0x00000002   Code   RO         6098    i.prvCheckTasksWaitingTermination  tasks.o
    0x08009a16   0x08009a16   0x00000014   Code   RO         5802    i.prvGetDisinheritPriorityAfterTimeout  queue.o
    0x08009a2a   0x08009a2a   0x00000002   PAD
    0x08009a2c   0x08009a2c   0x00000028   Code   RO         6099    i.prvIdleTask       tasks.o
    0x08009a54   0x08009a54   0x00000018   Code   RO         5804    i.prvInitialiseNewQueue  queue.o
    0x08009a6c   0x08009a6c   0x0000007e   Code   RO         6100    i.prvInitialiseNewTask  tasks.o
    0x08009aea   0x08009aea   0x00000002   PAD
    0x08009aec   0x08009aec   0x00000048   Code   RO         6101    i.prvInitialiseTaskLists  tasks.o
    0x08009b34   0x08009b34   0x0000001a   Code   RO         5805    i.prvIsQueueEmpty   queue.o
    0x08009b4e   0x08009b4e   0x00000002   PAD
    0x08009b50   0x08009b50   0x00000020   Code   RO         6102    i.prvResetNextTaskUnblockTime  tasks.o
    0x08009b70   0x08009b70   0x00000010   Code   RO         6370    i.prvTaskExitError  port.o
    0x08009b80   0x08009b80   0x0000006a   Code   RO         5807    i.prvUnlockQueue    queue.o
    0x08009bea   0x08009bea   0x00000002   PAD
    0x08009bec   0x08009bec   0x00000018   Code   RO         6103    i.pvTaskIncrementMutexHeldCount  tasks.o
    0x08009c04   0x08009c04   0x00000024   Code   RO         6371    i.pxPortInitialiseStack  port.o
    0x08009c28   0x08009c28   0x00000054   Code   RO         2363    i.rcu_adc_clock_config  gd32f30x_rcu.o
    0x08009c7c   0x08009c7c   0x000000fc   Code   RO         2372    i.rcu_clock_freq_get  gd32f30x_rcu.o
    0x08009d78   0x08009d78   0x0000001c   Code   RO         2389    i.rcu_periph_clock_disable  gd32f30x_rcu.o
    0x08009d94   0x08009d94   0x0000001c   Code   RO         2390    i.rcu_periph_clock_enable  gd32f30x_rcu.o
    0x08009db0   0x08009db0   0x0000001c   Code   RO         2393    i.rcu_periph_reset_disable  gd32f30x_rcu.o
    0x08009dcc   0x08009dcc   0x0000001c   Code   RO         2394    i.rcu_periph_reset_enable  gd32f30x_rcu.o
    0x08009de8   0x08009de8   0x000000bc   Code   RO            5    i.system_clock_120m_hxtal  system_gd32f30x.o
    0x08009ea4   0x08009ea4   0x00000004   Code   RO            6    i.system_clock_config  system_gd32f30x.o
    0x08009ea8   0x08009ea8   0x00000020   Code   RO         3252    i.timer_break_config  gd32f30x_timer.o
    0x08009ec8   0x08009ec8   0x000001d8   Code   RO         3265    i.timer_channel_output_config  gd32f30x_timer.o
    0x0800a0a0   0x0800a0a0   0x00000054   Code   RO         3266    i.timer_channel_output_fast_config  gd32f30x_timer.o
    0x0800a0f4   0x0800a0f4   0x00000054   Code   RO         3267    i.timer_channel_output_mode_config  gd32f30x_timer.o
    0x0800a148   0x0800a148   0x00000020   Code   RO         3269    i.timer_channel_output_pulse_value_config  gd32f30x_timer.o
    0x0800a168   0x0800a168   0x00000054   Code   RO         3270    i.timer_channel_output_shadow_config  gd32f30x_timer.o
    0x0800a1bc   0x0800a1bc   0x00000004   Code   RO         3277    i.timer_counter_value_config  gd32f30x_timer.o
    0x0800a1c0   0x0800a1c0   0x000000dc   Code   RO         3278    i.timer_deinit      gd32f30x_timer.o
    0x0800a29c   0x0800a29c   0x0000000a   Code   RO         3283    i.timer_enable      gd32f30x_timer.o
    0x0800a2a6   0x0800a2a6   0x00000002   PAD
    0x0800a2a8   0x0800a2a8   0x00000094   Code   RO         3293    i.timer_init        gd32f30x_timer.o
    0x0800a33c   0x0800a33c   0x00000010   Code   RO         3296    i.timer_input_trigger_source_select  gd32f30x_timer.o
    0x0800a34c   0x0800a34c   0x00000010   Code   RO         3303    i.timer_master_output_trigger_source_select  gd32f30x_timer.o
    0x0800a35c   0x0800a35c   0x0000001c   Code   RO         3304    i.timer_master_slave_mode_config  gd32f30x_timer.o
    0x0800a378   0x0800a378   0x00000010   Code   RO         3312    i.timer_slave_mode_select  gd32f30x_timer.o
    0x0800a388   0x0800a388   0x0000000a   Code   RO         3315    i.timer_update_event_enable  gd32f30x_timer.o
    0x0800a392   0x0800a392   0x0000001c   Code   RO         3316    i.timer_update_source_config  gd32f30x_timer.o
    0x0800a3ae   0x0800a3ae   0x00000002   PAD
    0x0800a3b0   0x0800a3b0   0x00000070   Code   RO         3688    i.usart_baudrate_set  gd32f30x_usart.o
    0x0800a420   0x0800a420   0x00000012   Code   RO         3690    i.usart_data_first_config  gd32f30x_usart.o
    0x0800a432   0x0800a432   0x00000008   Code   RO         3691    i.usart_data_receive  gd32f30x_usart.o
    0x0800a43a   0x0800a43a   0x00000002   PAD
    0x0800a43c   0x0800a43c   0x00000090   Code   RO         3693    i.usart_deinit      gd32f30x_usart.o
    0x0800a4cc   0x0800a4cc   0x0000000c   Code   RO         3696    i.usart_dma_transmit_config  gd32f30x_usart.o
    0x0800a4d8   0x0800a4d8   0x0000000a   Code   RO         3697    i.usart_enable      gd32f30x_usart.o
    0x0800a4e2   0x0800a4e2   0x00000010   Code   RO         3719    i.usart_parity_config  gd32f30x_usart.o
    0x0800a4f2   0x0800a4f2   0x0000000c   Code   RO         3721    i.usart_receive_config  gd32f30x_usart.o
    0x0800a4fe   0x0800a4fe   0x00000010   Code   RO         3731    i.usart_stop_bit_set  gd32f30x_usart.o
    0x0800a50e   0x0800a50e   0x0000000c   Code   RO         3735    i.usart_transmit_config  gd32f30x_usart.o
    0x0800a51a   0x0800a51a   0x00000010   Code   RO         3736    i.usart_word_length_set  gd32f30x_usart.o
    0x0800a52a   0x0800a52a   0x00000026   Code   RO         5761    i.uxListRemove      list.o
    0x0800a550   0x0800a550   0x00000018   Code   RO         4330    i.vApplicationGetIdleTaskMemory  apptaskos.o
    0x0800a568   0x0800a568   0x00000044   Code   RO         4331    i.vApplicationTickHook  apptaskos.o
    0x0800a5ac   0x0800a5ac   0x00000016   Code   RO         5762    i.vListInitialise   list.o
    0x0800a5c2   0x0800a5c2   0x00000006   Code   RO         5763    i.vListInitialiseItem  list.o
    0x0800a5c8   0x0800a5c8   0x00000030   Code   RO         5764    i.vListInsert       list.o
    0x0800a5f8   0x0800a5f8   0x00000018   Code   RO         5765    i.vListInsertEnd    list.o
    0x0800a610   0x0800a610   0x0000001c   Code   RO         6373    i.vPortEnterCritical  port.o
    0x0800a62c   0x0800a62c   0x00000018   Code   RO         6374    i.vPortExitCritical  port.o
    0x0800a644   0x0800a644   0x00000018   Code   RO         6375    i.vPortSetupTimerInterrupt  port.o
    0x0800a65c   0x0800a65c   0x00000010   Code   RO         6111    i.vTaskInternalSetTimeOutState  tasks.o
    0x0800a66c   0x0800a66c   0x0000000c   Code   RO         6112    i.vTaskMissedYield  tasks.o
    0x0800a678   0x0800a678   0x00000020   Code   RO         6113    i.vTaskPlaceOnEventList  tasks.o
    0x0800a698   0x0800a698   0x0000007c   Code   RO         6115    i.vTaskPriorityDisinheritAfterTimeout  tasks.o
    0x0800a714   0x0800a714   0x00000070   Code   RO         6118    i.vTaskStartScheduler  tasks.o
    0x0800a784   0x0800a784   0x00000010   Code   RO         6119    i.vTaskSuspendAll   tasks.o
    0x0800a794   0x0800a794   0x00000048   Code   RO         6120    i.vTaskSwitchContext  tasks.o
    0x0800a7dc   0x0800a7dc   0x00000040   Code   RO         6376    i.xPortStartScheduler  port.o
    0x0800a81c   0x0800a81c   0x00000014   Code   RO         5813    i.xQueueGenericCreateStatic  queue.o
    0x0800a830   0x0800a830   0x00000078   Code   RO         5814    i.xQueueGenericReset  queue.o
    0x0800a8a8   0x0800a8a8   0x00000056   Code   RO         5817    i.xQueueGiveFromISR  queue.o
    0x0800a8fe   0x0800a8fe   0x00000002   PAD
    0x0800a900   0x0800a900   0x00000124   Code   RO         5824    i.xQueueSemaphoreTake  queue.o
    0x0800aa24   0x0800aa24   0x00000050   Code   RO         6122    i.xTaskCheckForTimeOut  tasks.o
    0x0800aa74   0x0800aa74   0x00000036   Code   RO         6123    i.xTaskCreateStatic  tasks.o
    0x0800aaaa   0x0800aaaa   0x00000002   PAD
    0x0800aaac   0x0800aaac   0x000000c8   Code   RO         6131    i.xTaskIncrementTick  tasks.o
    0x0800ab74   0x0800ab74   0x00000090   Code   RO         6133    i.xTaskPriorityInherit  tasks.o
    0x0800ac04   0x0800ac04   0x00000068   Code   RO         6134    i.xTaskRemoveFromEventList  tasks.o
    0x0800ac6c   0x0800ac6c   0x000000b4   Code   RO         6135    i.xTaskResumeAll    tasks.o
    0x0800ad20   0x0800ad20   0x0000000a   Code   RO         7174    x$fpl$fpinit        fz_wm.l(fpinit.o)
    0x0800ad2a   0x0800ad2a   0x00000002   PAD
    0x0800ad2c   0x0800ad2c   0x00000248   Data   RO         4661    .constdata          variable.o
    0x0800af74   0x0800af74   0x00000498   Data   RO         4662    .constdata          variable.o
    0x0800b40c   0x0800b40c   0x00000078   Data   RO         5135    .constdata          worklogic.o
    0x0800b484   0x0800b484   0x00000011   Data   RO         6760    .constdata          segger_rtt.o
    0x0800b495   0x0800b495   0x00000003   PAD
    0x0800b498   0x0800b498   0x00000014   Data   RO         5286    .constdata__ZTV8standard  standard.o
    0x0800b4ac   0x0800b4ac   0x00000020   Data   RO         7384    Region$$Table       anon$$obj.o
    0x0800b4cc   0x0800b4cc   0x00000004   Data   RO         4347    .init_array         apptaskos.o
    0x0800b4d0   0x0800b4cc   0x00000004   Data   RO         4666    .init_array         variable.o
    0x0800b4d4   0x0800b4cc   0x00000004   Data   RO         6479    .init_array         arch.o
    0x0800b4d8   0x0800b4cc   0x00000000   Data   RO         6972    .init_array         c_w.l(init_aeabi.o)


    Execution Region RW_IRAM1 (Exec base: 0x20000000, Load base: 0x0800b4d8, Size: 0x00005bc0, Max: 0x0000bf00, ABSOLUTE)

    Exec Addr    Load Addr    Size         Type   Attr      Idx    E Section Name        Object

    0x20000000   0x0800b4d8   0x00000034   Data   RW         4344    .data               apptaskos.o
    0x20000034   0x0800b50c   0x00000002   Data   RW         4555    .data               func.o
    0x20000036   0x0800b50e   0x00000002   PAD
    0x20000038   0x0800b510   0x00000050   Data   RW         4663    .data               variable.o
    0x20000088   0x0800b560   0x00000004   Data   RW         4665    .data               variable.o
    0x2000008c   0x0800b564   0x00000018   Data   RW         4726    .data               sample.o
    0x200000a4   0x0800b57c   0x00000004   Data   RW         5509    .data               protocol.o
    0x200000a8   0x0800b580   0x0000003c   Data   RW         6137    .data               tasks.o
    0x200000e4   0x0800b5bc   0x00000004   Data   RW         6377    .data               port.o
    0x200000e8   0x0800b5c0   0x00000002   Data   RW         4412    .data__ZZ14ARCH_LedToggleE8ledValue  apptaskos.o
    0x200000ea   0x0800b5c2   0x00000002   Data   RW         4413    .data__ZZ15ARCH_TestToggleE9testValue  apptaskos.o
    0x200000ec        -       0x00003644   Zero   RW         4343    .bss                apptaskos.o
    0x20003730        -       0x00000200   Zero   RW         4554    .bss                func.o
    0x20003930        -       0x000008a0   Zero   RW         4660    .bss                variable.o
    0x200041d0        -       0x000000a0   Zero   RW         6136    .bss                tasks.o
    0x20004270        -       0x00000034   Zero   RW         6467    .bss                arch.o
    0x200042a4        -       0x000010b8   Zero   RW         6759    .bss                segger_rtt.o
    0x2000535c        -       0x00000060   Zero   RW         7261    .bss                c_w.l(libspace.o)
    0x200053bc   0x0800b5c4   0x00000004   PAD
    0x200053c0        -       0x00000400   Zero   RW          141    HEAP                startup_gd32f30x_hd.o
    0x200057c0        -       0x00000400   Zero   RW          140    STACK               startup_gd32f30x_hd.o


==============================================================================

Image component sizes


      Code (inc. data)   RO Data    RW Data    ZI Data      Debug   Object Name

      1292        264          4         56      13892      35472   apptaskos.o
      2402        170          4          0         52      47671   arch.o
      1348        146          0          0          0      12824   buckboost.o
         0          0          0          0          0       7076   croutine.o
       762         26          0          0          0       9216   datacalc.o
         0          0          0          0          0      20656   event_groups.o
         8          0          0          0          0        436   faultchk.o
       454          0          0          0          0       8256   flashsave.o
       140         18          0          2        512       2200   func.o
       570         12          0          0          0      12117   gd32f30x_adc.o
         0          0          0          0          0       1428   gd32f30x_can.o
       544          6          0          0          0       9460   gd32f30x_dma.o
       560         74          0          0          0       5454   gd32f30x_fmc.o
       278          6          0          0          0       3649   gd32f30x_gpio.o
        12          0          0          0          0       2553   gd32f30x_it.o
       222         24          0          0          0       2563   gd32f30x_misc.o
       448         74          0          0          0       4434   gd32f30x_rcu.o
      1284         46          0          0          0      11412   gd32f30x_timer.o
       376         18          0          0          0       6888   gd32f30x_usart.o
       114          0          0          0          0       1612   isrtime.o
       138          0          0          0          0       3186   list.o
        22          0          0          0          0      65631   main.o
       846         74          0          0          0       3160   mppt.o
       180          0          0          0          0       1836   multistate.o
       150         26          0          0          0       3864   ntc.o
        88          6          0          0          0       2512   picontroller.o
       136          0          0          0          0       1904   piecewise.o
       426         54          0          4          0       9012   port.o
      1084         14          0          4          0       7547   protocol.o
       694         12          0          0          0      10351   queue.o
       330         70          0          0          0       1671   rated.o
       918         62          0         24          0      14505   sample.o
       200         30         17          0       4280       7058   segger_rtt.o
       628         48         20          0          0       8691   standard.o
        64         26        304          0       2048        852   startup_gd32f30x_hd.o
       296         30          0          0          0      49041   system_gd32f30x.o
      1662        148          0         60        160      38101   tasks.o
       632          0          0          0          0       4632   uartdrv.o
        96         20       1812         84       2208       8538   variable.o
      3398        234        120          0          0      24966   worklogic.o

    ----------------------------------------------------------------------
     22850       1738       2316        236      23152     472435   Object Totals
         0          0         32          0          0          0   (incl. Generated)
        48          0          3          2          0          0   (incl. Padding)

    ----------------------------------------------------------------------

      Code (inc. data)   RO Data    RW Data    ZI Data      Debug   Library Member Name

         8          0          0          0          0         68   __main.o
         0          0          0          0          0          0   __rtentry.o
        12          0          0          0          0          0   __rtentry2.o
         6          0          0          0          0          0   __rtentry4.o
        52          8          0          0          0          0   __scatter.o
        26          0          0          0          0          0   __scatter_copy.o
        28          0          0          0          0          0   __scatter_zi.o
        18          0          0          0          0         80   exit.o
         6          0          0          0          0        152   heapauxi.o
         0          0          0          0          0          0   indicate_semi.o
        36         10          0          0          0         80   init_aeabi.o
         2          0          0          0          0          0   libinit.o
        10          0          0          0          0          0   libinit2.o
         2          0          0          0          0          0   libshutdown.o
         2          0          0          0          0          0   libshutdown2.o
         8          4          0          0         96         68   libspace.o
        78          0          0          0          0         80   rt_memclr_w.o
       138          0          0          0          0         68   rt_memcpy_v6.o
       100          0          0          0          0         80   rt_memcpy_w.o
         2          0          0          0          0          0   rtexit.o
        10          0          0          0          0          0   rtexit2.o
        12          4          0          0          0         68   sys_exit.o
        74          0          0          0          0         80   sys_stackheap_outer.o
         2          0          0          0          0         68   use_no_semi.o
        10          0          0          0          0        116   fpinit.o

    ----------------------------------------------------------------------
       650         26          0          0        100       1008   Library Totals
         8          0          0          0          4          0   (incl. Padding)

    ----------------------------------------------------------------------

      Code (inc. data)   RO Data    RW Data    ZI Data      Debug   Library Name

       632         26          0          0         96        892   c_w.l
        10          0          0          0          0        116   fz_wm.l

    ----------------------------------------------------------------------
       650         26          0          0        100       1008   Library Totals

    ----------------------------------------------------------------------

==============================================================================


      Code (inc. data)   RO Data    RW Data    ZI Data      Debug   

     23500       1764       2316        236      23252     451179   Grand Totals
     23500       1764       2316        236      23252     451179   ELF Image Totals
     23500       1764       2316        236          0          0   ROM Totals

==============================================================================

    Total RO  Size (Code + RO Data)                25816 (  25.21kB)
    Total RW  Size (RW Data + ZI Data)             23488 (  22.94kB)
    Total ROM Size (Code + RO Data + RW Data)      26052 (  25.44kB)

==============================================================================

